Archive member included to satisfy reference by file (symbol)

/Applications/SEGGER Embedded Studio 3.24/lib/libc_v6m_t_le_eabi.a(libc_asm.o)
                              _build/gfx_mk.o (__aeabi_uidiv)
/Applications/SEGGER Embedded Studio 3.24/lib/libc_v6m_t_le_eabi.a(libc2.o)
                              _build/nrf_log_backend_serial.o (isprint)
/Applications/SEGGER Embedded Studio 3.24/lib/libc_v6m_t_le_eabi.a(libc2_asm.o)
                              _build/gfx_mk.o (longjmp)
/Applications/SEGGER Embedded Studio 3.24/lib/libdebugio_v6m_t_le_eabi.a(libdebugio.o)
                              _build/thumb_crt0.o (debug_fopen)
/Applications/SEGGER Embedded Studio 3.24/lib/libdebugio_mempoll_v6m_t_le_eabi.a(mempoll_debug_operations.o)
                              /Applications/SEGGER Embedded Studio 3.24/lib/libdebugio_v6m_t_le_eabi.a(libdebugio.o) (__do_debug_operation)
/Applications/SEGGER Embedded Studio 3.24/lib/libdebugio_mempoll_v6m_t_le_eabi.a(do_nv_debug_operation.o)
                              /Applications/SEGGER Embedded Studio 3.24/lib/libdebugio_v6m_t_le_eabi.a(libdebugio.o) (__do_nvdebug_operation)
/Applications/SEGGER Embedded Studio 3.24/lib/libm_v6m_t_le_eabi.a(libm_asm.o)
                              /Applications/SEGGER Embedded Studio 3.24/lib/libc_v6m_t_le_eabi.a(libc2.o) (__aeabi_i2f)
/Applications/SEGGER Embedded Studio 3.24/lib/libm_v6m_t_le_eabi.a(libm2.o)
                              /Applications/SEGGER Embedded Studio 3.24/lib/libvfprintf_v6m_t_le_eabi.o (frexp)
/Applications/SEGGER Embedded Studio 3.24/lib/libm_v6m_t_le_eabi.a(libm2_asm.o)
                              /Applications/SEGGER Embedded Studio 3.24/lib/libm_v6m_t_le_eabi.a(libm2.o) (fabs)

Discarded input sections

 .text          0x0000000000000000        0x0 _build/ses_nrf51_startup.o
 .data          0x0000000000000000        0x0 _build/ses_nrf51_startup.o
 .bss           0x0000000000000000        0x0 _build/ses_nrf51_startup.o
 .text          0x0000000000000000        0x0 _build/system_nrf51.o
 .data          0x0000000000000000        0x0 _build/system_nrf51.o
 .bss           0x0000000000000000        0x0 _build/system_nrf51.o
 .text.SystemCoreClockUpdate
                0x0000000000000000       0x14 _build/system_nrf51.o
 .text          0x0000000000000000        0x0 _build/thumb_crt0.o
 .data          0x0000000000000000        0x0 _build/thumb_crt0.o
 .bss           0x0000000000000000        0x0 _build/thumb_crt0.o
 .text.__aeabi_read_tp
                0x0000000000000000        0x8 _build/thumb_crt0.o
 .text.__printf_lock
                0x0000000000000000        0x2 _build/thumb_crt0.o
 .text.__printf_unlock
                0x0000000000000000        0x2 _build/thumb_crt0.o
 .text.__scanf_lock
                0x0000000000000000        0x2 _build/thumb_crt0.o
 .text.__scanf_unlock
                0x0000000000000000        0x2 _build/thumb_crt0.o
 .text.__debug_io_lock
                0x0000000000000000        0x2 _build/thumb_crt0.o
 .text.__debug_io_unlock
                0x0000000000000000        0x2 _build/thumb_crt0.o
 .text.abort    0x0000000000000000        0x2 _build/thumb_crt0.o
 .text.__assert
                0x0000000000000000        0x2 _build/thumb_crt0.o
 .text.__aeabi_assert
                0x0000000000000000        0x2 _build/thumb_crt0.o
 .text.__cxa_pure_virtual
                0x0000000000000000        0x2 _build/thumb_crt0.o
 .text.__cxa_guard_acquire
                0x0000000000000000       0x10 _build/thumb_crt0.o
 .text.__cxa_guard_release
                0x0000000000000000        0x6 _build/thumb_crt0.o
 .text.__cxa_guard_abort
                0x0000000000000000        0x2 _build/thumb_crt0.o
 .text.__sync_synchronize
                0x0000000000000000        0x2 _build/thumb_crt0.o
 .text.__getchar
                0x0000000000000000       0x10 _build/thumb_crt0.o
 .text.__putchar
                0x0000000000000000       0x10 _build/thumb_crt0.o
 .text.__open   0x0000000000000000       0x10 _build/thumb_crt0.o
 .text.__close  0x0000000000000000       0x10 _build/thumb_crt0.o
 .text.__write  0x0000000000000000       0x14 _build/thumb_crt0.o
 .text.__read   0x0000000000000000       0x14 _build/thumb_crt0.o
 .text.__seek   0x0000000000000000       0x1c _build/thumb_crt0.o
 .bss.__user_locale_name_buffer
                0x0000000000000000        0x4 _build/thumb_crt0.o
 .stack         0x0000000000000000        0x0 _build/thumb_crt0.o
 .stack_process
                0x0000000000000000        0x0 _build/thumb_crt0.o
 .heap          0x0000000000000000        0x0 _build/thumb_crt0.o
 .text          0x0000000000000000        0x0 _build/nrf_log_backend_serial.o
 .data          0x0000000000000000        0x0 _build/nrf_log_backend_serial.o
 .bss           0x0000000000000000        0x0 _build/nrf_log_backend_serial.o
 .text.sd_mutex_new
                0x0000000000000000        0x8 _build/nrf_log_backend_serial.o
 .text.sd_mutex_acquire
[...]
Memory Configuration

Name             Origin             Length             Attributes
UNPLACED_SECTIONS 0x0000000100000000 0x0000000000000000 xw
FLASH            0x0000000000000000 0x0000000000040000 xr
SRAM             0x0000000020000000 0x0000000000004000 xw
*default*        0x0000000000000000 0xffffffffffffffff

Linker script and memory map

                0x0000000000006410                __vfprintf = __vfprintf_int_nwp
                0x0000000000000000                __vfscanf = __vfscanf_int
                0x0000000000000000                __FLASH_segment_start__ = 0x0
                0x0000000000040000                __FLASH_segment_end__ = 0x40000
                0x0000000000040000                __FLASH_segment_size__ = 0x40000
                0x0000000020000000                __SRAM_segment_start__ = 0x20000000
                0x0000000020004000                __SRAM_segment_end__ = 0x20004000
                0x0000000000004000                __SRAM_segment_size__ = 0x4000
                0x0000000000000400                __HEAPSIZE__ = 0x400
                0x0000000000000000                __STACKSIZE_ABT__ = 0x0
                0x0000000000000000                __STACKSIZE_FIQ__ = 0x0
                0x0000000000000000                __STACKSIZE_IRQ__ = 0x0
                0x0000000000000000                __STACKSIZE_PROCESS__ = 0x0
                0x0000000000000000                __STACKSIZE_SVC__ = 0x0
                0x0000000000000000                __STACKSIZE_UND__ = 0x0
                0x0000000000000400                __STACKSIZE__ = 0x400
                0x0000000020000000                __vectors_ram_load_start__ = ALIGN (__SRAM_segment_start__, 0x100)

.vectors_ram    0x0000000020000000        0x0
                0x0000000020000000                __vectors_ram_start__ = .
 *(.vectors_ram .vectors_ram.*)
                0x0000000020000000                __vectors_ram_end__ = (__vectors_ram_start__ + SIZEOF (.vectors_ram))
                0x0000000000000000                __vectors_ram_size__ = SIZEOF (.vectors_ram)
                0x0000000020000000                __vectors_ram_load_end__ = __vectors_ram_end__
                0x0000000000000001                . = ASSERT (((__vectors_ram_start__ == __vectors_ram_end__) || ((__vectors_ram_end__ >= __SRAM_segment_start__) && (__vectors_ram_end__ <= __SRAM_segment_end__))), error: .vectors_ram is too large to fit in SRAM memory segment)
                0x0000000000000000                __vectors_load_start__ = ALIGN (__FLASH_segment_start__, 0x100)

.vectors        0x0000000000000000       0xc0
                0x0000000000000000                __vectors_start__ = .
 *(.vectors .vectors.*)
 .vectors       0x0000000000000000       0xc0 _build/ses_nrf51_startup.o
                0x0000000000000000                _vectors
                0x00000000000000c0                __vectors_end__ = (__vectors_start__ + SIZEOF (.vectors))
                0x00000000000000c0                __vectors_size__ = SIZEOF (.vectors)
                0x00000000000000c0                __vectors_load_end__ = __vectors_end__
                0x0000000000000001                . = ASSERT (((__vectors_start__ == __vectors_end__) || ((__vectors_end__ >= __FLASH_segment_start__) && (__vectors_end__ <= __FLASH_segment_end__))), error: .vectors is too large to fit in FLASH memory segment)
                0x00000000000000c0                __init_load_start__ = ALIGN (__vectors_end__, 0x4)

.init           0x00000000000000c0      0x1c0
                0x00000000000000c0                __init_start__ = .
 *(.init .init.*)
 .init          0x00000000000000c0       0x68 _build/ses_nrf51_startup.o
                0x00000000000000c0                NMI_Handler
                0x00000000000000c2                HardFault_Handler
                0x00000000000000c4                SVC_Handler
                0x00000000000000c6                PendSV_Handler
                0x00000000000000c8                SysTick_Handler
                0x00000000000000cc                RADIO_IRQHandler
                0x00000000000000d2                SPI1_TWI1_IRQHandler
                0x00000000000000d4                GPIOTE_IRQHandler
                0x00000000000000d6                ADC_IRQHandler
                0x00000000000000d8                TIMER0_IRQHandler
                0x00000000000000da                TIMER1_IRQHandler
                0x00000000000000dc                TIMER2_IRQHandler
                0x00000000000000de                RTC0_IRQHandler
                0x00000000000000e0                TEMP_IRQHandler
                0x00000000000000e2                RNG_IRQHandler
                0x00000000000000e4                ECB_IRQHandler
                0x00000000000000e6                CCM_AAR_IRQHandler
                0x00000000000000e8                WDT_IRQHandler
                0x00000000000000ec                QDEC_IRQHandler
                0x00000000000000ee                LPCOMP_IRQHandler
                0x00000000000000f2                SWI1_IRQHandler
                0x00000000000000f6                SWI3_IRQHandler
                0x00000000000000f8                SWI4_IRQHandler
                0x00000000000000fa                SWI5_IRQHandler
                0x00000000000000fc                reset_handler
 .init          0x0000000000000128      0x158 _build/thumb_crt0.o
                0x0000000000000128                _start
                0x00000000000001da                exit
                0x0000000000000280                __init_end__ = (__init_start__ + SIZEOF (.init))
                0x00000000000001c0                __init_size__ = SIZEOF (.init)
                0x0000000000000280                __init_load_end__ = __init_end__
                0x0000000000000001                . = ASSERT (((__init_start__ == __init_end__) || ((__init_end__ >= __FLASH_segment_start__) && (__init_end__ <= __FLASH_segment_end__))), error: .init is too large to fit in FLASH memory segment)
                0x0000000000000280                __init_rodata_load_start__ = ALIGN (__init_end__, 0x4)

.init_rodata    0x0000000000000280        0x0
                0x0000000000000280                __init_rodata_start__ = .
 *(.init_rodata .init_rodata.*)
                0x0000000000000280                __init_rodata_end__ = (__init_rodata_start__ + SIZEOF (.init_rodata))
                0x0000000000000000                __init_rodata_size__ = SIZEOF (.init_rodata)
                0x0000000000000280                __init_rodata_load_end__ = __init_rodata_end__
                0x0000000000000001                . = ASSERT (((__init_rodata_start__ == __init_rodata_end__) || ((__init_rodata_end__ >= __FLASH_segment_start__) && (__init_rodata_end__ <= __FLASH_segment_end__))), error: .init_rodata is too large to fit in FLASH memory segment)
                0x0000000000000280                __text_load_start__ = ALIGN (__init_rodata_end__, 0x4)

.text           0x0000000000000280     0x64d0
                0x0000000000000280                __text_start__ = .
 *(.text .text.* .glue_7t .glue_7 .gnu.linkonce.t.* .gcc_except_table .ARM.extab* .gnu.linkonce.armextab.*)
 .glue_7        0x0000000000000280        0x0 linker stubs
 .glue_7t       0x0000000000000280        0x0 linker stubs
 .text.SystemInit
                0x0000000000000280       0x70 _build/system_nrf51.o
                0x0000000000000280                SystemInit
 .text.is_manual_peripheral_setup_needed
                0x00000000000002f0       0x78 _build/system_nrf51.o
 .text.is_disabled_in_debug_needed
                0x0000000000000368       0x48 _build/system_nrf51.o
 .text.is_peripheral_domain_setup_needed
                0x00000000000003b0       0x60 _build/system_nrf51.o
 .text.__heap_lock
                0x0000000000000410        0x2 _build/thumb_crt0.o
                0x0000000000000410                __heap_lock
 .text.__heap_unlock
                0x0000000000000412        0x2 _build/thumb_crt0.o
                0x0000000000000412                __heap_unlock
 .text.nrf_log_backend_init
                0x0000000000000414       0x4c _build/nrf_log_backend_serial.o
                0x0000000000000414                nrf_log_backend_init
 .text.serial_is_busy
                0x0000000000000460       0x16 _build/nrf_log_backend_serial.o
 .text.serial_tx
                0x0000000000000476       0x68 _build/nrf_log_backend_serial.o
 .text.buf_len_update
                0x00000000000004de       0x36 _build/nrf_log_backend_serial.o
 .text.timestamp_process
                0x0000000000000514       0x84 _build/nrf_log_backend_serial.o
 .text.nrf_log_backend_serial_std_handler
                0x0000000000000598      0x250 _build/nrf_log_backend_serial.o
 .text.byte2hex
                0x00000000000007e8       0x68 _build/nrf_log_backend_serial.o
 .text.nrf_log_backend_serial_hexdump_handler
                0x0000000000000850      0x21c _build/nrf_log_backend_serial.o
 .text.nrf_log_backend_std_handler_get
                0x0000000000000a6c        0xc _build/nrf_log_backend_serial.o
                0x0000000000000a6c                nrf_log_backend_std_handler_get
 .text.nrf_log_backend_hexdump_handler_get
                0x0000000000000a78        0xc _build/nrf_log_backend_serial.o
                0x0000000000000a78                nrf_log_backend_hexdump_handler_get
 .text.nrf_log_init
                0x0000000000000a84       0x34 _build/nrf_log_frontend.o
                0x0000000000000a84                nrf_log_init
 .text.nrf_log_frontend_init
                0x0000000000000ab8       0x1c _build/nrf_log_frontend.o
                0x0000000000000ab8                nrf_log_frontend_init
 .text.nrf_log_handlers_set
                0x0000000000000ad4       0x1c _build/nrf_log_frontend.o
                0x0000000000000ad4                nrf_log_handlers_set
 .text.nrf_log_direct_feed
                0x0000000000000af0       0x3c _build/nrf_log_frontend.o
 .text.nrf_log_frontend_std_0
                0x0000000000000b2c       0x24 _build/nrf_log_frontend.o
                0x0000000000000b2c                nrf_log_frontend_std_0
 .text.nrf_log_frontend_std_1
                0x0000000000000b50       0x2a _build/nrf_log_frontend.o
                0x0000000000000b50                nrf_log_frontend_std_1
 .text.nrf_log_frontend_std_2
                0x0000000000000b7a       0x34 _build/nrf_log_frontend.o
                0x0000000000000b7a                nrf_log_frontend_std_2
 *fill*         0x0000000000000bae        0x2 
 .text.app_error_handler_bare
                0x0000000000000bb0       0x30 _build/app_error.o
                0x0000000000000bb0                app_error_handler_bare
 .text.NVIC_SystemReset
                0x0000000000000be0       0x1c _build/app_error_weak.o
 .text.app_error_fault_handler
                0x0000000000000bfc       0x24 _build/app_error_weak.o
                0x0000000000000bfc                app_error_fault_handler
 .text.NVIC_EnableIRQ
                0x0000000000000c20       0x2c _build/app_timer.o
 .text.NVIC_DisableIRQ
                0x0000000000000c4c       0x2c _build/app_timer.o
 .text.NVIC_SetPendingIRQ
                0x0000000000000c78       0x2c _build/app_timer.o
 .text.NVIC_ClearPendingIRQ
                0x0000000000000ca4       0x2c _build/app_timer.o
 .text.NVIC_SetPriority
                0x0000000000000cd0       0xec _build/app_timer.o
 .text.is_word_aligned
                0x0000000000000dbc       0x16 _build/app_timer.o
 *fill*         0x0000000000000dd2        0x2 
 .text.nrf_delay_us
                0x0000000000000dd4       0x40 _build/app_timer.o
 .text.rtc1_init
                0x0000000000000e14       0x24 _build/app_timer.o
 .text.rtc1_start
                0x0000000000000e38       0x44 _build/app_timer.o
 .text.rtc1_stop
                0x0000000000000e7c       0x54 _build/app_timer.o
 .text.rtc1_counter_get
                0x0000000000000ed0       0x14 _build/app_timer.o
 .text.ticks_diff_get
                0x0000000000000ee4       0x16 _build/app_timer.o
 *fill*         0x0000000000000efa        0x2 
 .text.rtc1_compare0_set
                0x0000000000000efc       0x18 _build/app_timer.o
 .text.timer_list_insert
                0x0000000000000f14       0xac _build/app_timer.o
 .text.timer_list_remove
                0x0000000000000fc0       0x9c _build/app_timer.o
 .text.timer_timeouts_check_sched
                0x000000000000105c        0xc _build/app_timer.o
 .text.timer_list_handler_sched
                0x0000000000001068        0xc _build/app_timer.o
 .text.timeout_handler_exec
                0x0000000000001074       0x4c _build/app_timer.o
 .text.timer_timeouts_check
                0x00000000000010c0       0xc8 _build/app_timer.o
 .text.elapsed_ticks_acquire
                0x0000000000001188       0x78 _build/app_timer.o
 .text.list_deletions_handler
                0x0000000000001200       0xb4 _build/app_timer.o
 .text.expired_timers_handler
                0x00000000000012b4       0x94 _build/app_timer.o
 .text.list_insertions_handler
                0x0000000000001348      0x15c _build/app_timer.o
 .text.compare_reg_update
                0x00000000000014a4       0xbc _build/app_timer.o
 .text.timer_list_handler
                0x0000000000001560       0x8c _build/app_timer.o
 .text.user_op_enque
                0x00000000000015ec       0x20 _build/app_timer.o
 .text.user_op_alloc
                0x000000000000160c       0x64 _build/app_timer.o
 .text.timer_start_op_schedule
                0x0000000000001670       0x8e _build/app_timer.o
 *fill*         0x00000000000016fe        0x2 
 .text.RTC1_IRQHandler
                0x0000000000001700       0x4c _build/app_timer.o
                0x0000000000001700                RTC1_IRQHandler
 .text.SWI0_IRQHandler
                0x000000000000174c        0xa _build/app_timer.o
                0x000000000000174c                SWI0_IRQHandler
 *fill*         0x0000000000001756        0x2 
 .text.app_timer_init
                0x0000000000001758       0xb4 _build/app_timer.o
                0x0000000000001758                app_timer_init
 .text.app_timer_create
                0x000000000000180c       0x64 _build/app_timer.o
                0x000000000000180c                app_timer_create
 .text.app_timer_start
                0x0000000000001870       0x64 _build/app_timer.o
                0x0000000000001870                app_timer_start
 .text.__sd_nvic_irq_disable
                0x00000000000018d4       0x16 _build/app_util_platform.o
 .text.__sd_nvic_irq_enable
                0x00000000000018ea        0x6 _build/app_util_platform.o
 .text.sd_nvic_critical_region_enter
                0x00000000000018f0       0x60 _build/app_util_platform.o
 .text.sd_nvic_critical_region_exit
                0x0000000000001950       0x50 _build/app_util_platform.o
 .text.app_util_critical_region_enter
                0x00000000000019a0       0x14 _build/app_util_platform.o
                0x00000000000019a0                app_util_critical_region_enter
 .text.app_util_critical_region_exit
                0x00000000000019b4       0x1e _build/app_util_platform.o
                0x00000000000019b4                app_util_critical_region_exit
 *fill*         0x00000000000019d2        0x2 
 .text.nrf_ic_info_get
                0x00000000000019d4       0xa4 _build/nrf_ic_info.o
                0x00000000000019d4                nrf_ic_info_get
 .text.nrf_clock_int_enable
                0x0000000000001a78       0x16 _build/nrf_drv_clock.o
 .text.nrf_clock_int_disable
                0x0000000000001a8e       0x16 _build/nrf_drv_clock.o
 .text.nrf_clock_task_trigger
                0x0000000000001aa4       0x22 _build/nrf_drv_clock.o
 .text.nrf_clock_event_clear
                0x0000000000001ac6       0x22 _build/nrf_drv_clock.o
 .text.nrf_clock_event_check
                0x0000000000001ae8       0x26 _build/nrf_drv_clock.o
 .text.nrf_clock_lf_src_set
                0x0000000000001b0e       0x24 _build/nrf_drv_clock.o
 *fill*         0x0000000000001b32        0x2 
 .text.nrf_drv_common_irq_enable_check
                0x0000000000001b34       0x40 _build/nrf_drv_clock.o
 .text.nrf_drv_common_power_clock_irq_init
                0x0000000000001b74       0x22 _build/nrf_drv_clock.o
 .text.lfclk_start
                0x0000000000001b96       0x1c _build/nrf_drv_clock.o
 *fill*         0x0000000000001bb2        0x2 
 .text.nrf_drv_clock_init
                0x0000000000001bb4       0x7c _build/nrf_drv_clock.o
                0x0000000000001bb4                nrf_drv_clock_init
 .text.item_enqueue
                0x0000000000001c30       0x38 _build/nrf_drv_clock.o
 .text.item_dequeue
                0x0000000000001c68       0x20 _build/nrf_drv_clock.o
 .text.nrf_drv_clock_lfclk_request
                0x0000000000001c88       0x9c _build/nrf_drv_clock.o
                0x0000000000001c88                nrf_drv_clock_lfclk_request
 .text.clock_clk_started_notify
                0x0000000000001d24       0x54 _build/nrf_drv_clock.o
 .text.POWER_CLOCK_IRQHandler
                0x0000000000001d78       0x60 _build/nrf_drv_clock.o
                0x0000000000001d78                POWER_CLOCK_IRQHandler
 .text.nrf_drv_clock_on_soc_event
                0x0000000000001dd8       0x18 _build/nrf_drv_clock.o
                0x0000000000001dd8                nrf_drv_clock_on_soc_event
 .text.NVIC_EnableIRQ
                0x0000000000001df0       0x2c _build/nrf_drv_common.o
 .text.NVIC_ClearPendingIRQ
                0x0000000000001e1c       0x2c _build/nrf_drv_common.o
 .text.NVIC_SetPriority
                0x0000000000001e48       0xec _build/nrf_drv_common.o
 .text.nrf_drv_common_irq_enable
                0x0000000000001f34       0x4c _build/nrf_drv_common.o
                0x0000000000001f34                nrf_drv_common_irq_enable
 .text.nrf_uart_event_clear
                0x0000000000001f80       0x20 _build/nrf_drv_uart.o
 .text.nrf_uart_event_check
                0x0000000000001fa0       0x24 _build/nrf_drv_uart.o
 .text.nrf_uart_int_enable_check
                0x0000000000001fc4       0x1e _build/nrf_drv_uart.o
 .text.nrf_uart_int_disable
                0x0000000000001fe2       0x16 _build/nrf_drv_uart.o
 .text.nrf_uart_errorsrc_get_and_clear
                0x0000000000001ff8       0x20 _build/nrf_drv_uart.o
 .text.nrf_uart_rxd_get
                0x0000000000002018       0x14 _build/nrf_drv_uart.o
 .text.nrf_uart_txd_set
                0x000000000000202c       0x24 _build/nrf_drv_uart.o
 .text.nrf_uart_task_trigger
                0x0000000000002050       0x20 _build/nrf_drv_uart.o
 .text.tx_byte  0x0000000000002070       0x4e _build/nrf_drv_uart.o
 .text.rx_byte  0x00000000000020be       0x60 _build/nrf_drv_uart.o
 .text.rx_done_event
                0x000000000000211e       0x3a _build/nrf_drv_uart.o
 .text.tx_done_event
                0x0000000000002158       0x40 _build/nrf_drv_uart.o
 .text.uart_irq_handler
                0x0000000000002198      0x20a _build/nrf_drv_uart.o
 *fill*         0x00000000000023a2        0x2 
 .text.UART0_IRQHandler
                0x00000000000023a4       0x1c _build/nrf_drv_uart.o
                0x00000000000023a4                UART0_IRQHandler
 .text.nrf_spi_event_clear
                0x00000000000023c0       0x20 _build/nrf_drv_spi.o
 .text.nrf_spi_event_check
                0x00000000000023e0       0x24 _build/nrf_drv_spi.o
 .text.nrf_spi_int_enable
                0x0000000000002404       0x16 _build/nrf_drv_spi.o
 .text.nrf_spi_int_disable
                0x000000000000241a       0x16 _build/nrf_drv_spi.o
 .text.nrf_spi_enable
                0x0000000000002430       0x14 _build/nrf_drv_spi.o
 .text.nrf_spi_pins_set
                0x0000000000002444       0x30 _build/nrf_drv_spi.o
 .text.nrf_spi_txd_set
                0x0000000000002474       0x24 _build/nrf_drv_spi.o
 .text.nrf_spi_rxd_get
                0x0000000000002498       0x14 _build/nrf_drv_spi.o
 .text.nrf_spi_frequency_set
                0x00000000000024ac       0x18 _build/nrf_drv_spi.o
 .text.nrf_spi_configure
                0x00000000000024c4       0x6c _build/nrf_drv_spi.o
 .text.nrf_gpio_pin_port_decode
                0x0000000000002530        0xe _build/nrf_drv_spi.o
 .text.nrf_gpio_cfg
                0x000000000000253e       0x6c _build/nrf_drv_spi.o
 .text.nrf_gpio_cfg_output
                0x00000000000025aa       0x20 _build/nrf_drv_spi.o
 .text.nrf_gpio_cfg_input
                0x00000000000025ca       0x2e _build/nrf_drv_spi.o
 .text.nrf_gpio_pin_set
                0x00000000000025f8       0x28 _build/nrf_drv_spi.o
 .text.nrf_gpio_pin_clear
                0x0000000000002620       0x28 _build/nrf_drv_spi.o
 .text.nrf_gpio_port_out_set
                0x0000000000002648       0x16 _build/nrf_drv_spi.o
 *fill*         0x000000000000265e        0x2 
 .text.nrf_gpio_port_out_clear
                0x0000000000002660       0x18 _build/nrf_drv_spi.o
 .text.nrf_drv_spi_init
                0x0000000000002678      0x190 _build/nrf_drv_spi.o
                0x0000000000002678                nrf_drv_spi_init
 .text.nrf_drv_spi_transfer
                0x0000000000002808       0x42 _build/nrf_drv_spi.o
                0x0000000000002808                nrf_drv_spi_transfer
 .text.finish_transfer
                0x000000000000284a       0x36 _build/nrf_drv_spi.o
 .text.transfer_byte
                0x0000000000002880       0xce _build/nrf_drv_spi.o
 .text.spi_xfer
                0x000000000000294e       0xe0 _build/nrf_drv_spi.o
 *fill*         0x0000000000002a2e        0x2 
 .text.nrf_drv_spi_xfer
                0x0000000000002a30       0xc4 _build/nrf_drv_spi.o
                0x0000000000002a30                nrf_drv_spi_xfer
 .text.irq_handler_spi
                0x0000000000002af4       0x3e _build/nrf_drv_spi.o
 *fill*         0x0000000000002b32        0x2 
 .text.SPI0_TWI0_IRQHandler
                0x0000000000002b34       0x24 _build/nrf_drv_spi.o
                0x0000000000002b34                SPI0_TWI0_IRQHandler
 .text.nrf_delay_us
                0x0000000000002b58       0x40 _build/main.o
 .text.nrf_delay_ms
                0x0000000000002b98       0x1a _build/main.o
 .text.nrf_gpio_pin_port_decode
                0x0000000000002bb2        0xe _build/main.o
 .text.nrf_gpio_cfg
                0x0000000000002bc0       0x6c _build/main.o
 .text.nrf_gpio_cfg_output
                0x0000000000002c2c       0x20 _build/main.o
 .text.nrf_gpio_pin_set
                0x0000000000002c4c       0x28 _build/main.o
 .text.nrf_gpio_pin_clear
                0x0000000000002c74       0x28 _build/main.o
 .text.nrf_gpio_pin_write
                0x0000000000002c9c       0x26 _build/main.o
 .text.nrf_gpio_port_out_set
                0x0000000000002cc2       0x16 _build/main.o
 .text.nrf_gpio_port_out_clear
                0x0000000000002cd8       0x18 _build/main.o
 .text.tick_handler
                0x0000000000002cf0       0x18 _build/main.o
 .text.lfclk_config
                0x0000000000002d08       0x2a _build/main.o
 *fill*         0x0000000000002d32        0x2 
 .text.tick_init
                0x0000000000002d34       0x84 _build/main.o
 .text.gfxSystemTicks
                0x0000000000002db8        0xc _build/main.o
                0x0000000000002db8                gfxSystemTicks
 .text.gfxMillisecondsToTicks
                0x0000000000002dc4        0xc _build/main.o
                0x0000000000002dc4                gfxMillisecondsToTicks
 .text.main     0x0000000000002dd0      0x128 _build/main.o
                0x0000000000002dd0                main
 .text._DoInit  0x0000000000002ef8       0x9c _build/SEGGER_RTT.o
 .text._WriteBlocking
                0x0000000000002f94       0xb0 _build/SEGGER_RTT.o
 .text._WriteNoCheck
                0x0000000000003044       0x7c _build/SEGGER_RTT.o
 .text._GetAvailWriteSpace
                0x00000000000030c0       0x3c _build/SEGGER_RTT.o
 .text.SEGGER_RTT_WriteNoLock
                0x00000000000030fc       0xa8 _build/SEGGER_RTT.o
                0x00000000000030fc                SEGGER_RTT_WriteNoLock
 .text.SEGGER_RTT_Init
                0x00000000000031a4       0x18 _build/SEGGER_RTT.o
                0x00000000000031a4                SEGGER_RTT_Init
 .text.sd_evt_get
                0x00000000000031bc        0x8 _build/softdevice_handler.o
 .text.sd_ble_evt_get
                0x00000000000031c4        0x8 _build/softdevice_handler.o
 .text.intern_softdevice_events_execute
                0x00000000000031cc      0x130 _build/softdevice_handler.o
                0x00000000000031cc                intern_softdevice_events_execute
 .text.softdevice_handler_is_enabled
                0x00000000000032fc       0x10 _build/softdevice_handler.o
                0x00000000000032fc                softdevice_handler_is_enabled
 .text.SWI2_IRQHandler
                0x000000000000330c       0x38 _build/softdevice_handler.o
                0x000000000000330c                SWI2_IRQHandler
 .text.gfxInit  0x0000000000003344       0x2c _build/gfx_mk.o
                0x0000000000003344                gfxInit
 .text._gosInit
                0x0000000000003370        0xe _build/gfx_mk.o
                0x0000000000003370                _gosInit
 .text._gosPostInit
                0x000000000000337e        0x4 _build/gfx_mk.o
                0x000000000000337e                _gosPostInit
 .text.gfxExit  0x0000000000003382        0xa _build/gfx_mk.o
                0x0000000000003382                gfxExit
 .text.gfxSleepMilliseconds
                0x000000000000338c       0x46 _build/gfx_mk.o
                0x000000000000338c                gfxSleepMilliseconds
 *fill*         0x00000000000033d2        0x2 
 .text._gfxGetStackState
                0x00000000000033d4       0x24 _build/gfx_mk.o
                0x00000000000033d4                _gfxGetStackState
 .text._gfxGetStackStateInFn
                0x00000000000033f8       0x28 _build/gfx_mk.o
                0x00000000000033f8                _gfxGetStackStateInFn
 .text._gfxThreadsInit
                0x0000000000003420      0x148 _build/gfx_mk.o
 .text._gfxAdjustCxt
                0x0000000000003568       0xe8 _build/gfx_mk.o
 .text._gfxXSwitch
                0x0000000000003650       0x74 _build/gfx_mk.o
 .text.Qinit    0x00000000000036c4       0x18 _build/gfx_mk.o
 .text.Qadd     0x00000000000036dc       0x38 _build/gfx_mk.o
 .text.Qpop     0x0000000000003714       0x26 _build/gfx_mk.o
 *fill*         0x000000000000373a        0x2 
 .text._gosThreadsInit
                0x000000000000373c       0x44 _build/gfx_mk.o
                0x000000000000373c                _gosThreadsInit
 .text.cleanUpDeadThreads
                0x0000000000003780       0x2c _build/gfx_mk.o
 .text.gfxYield
                0x00000000000037ac       0x50 _build/gfx_mk.o
                0x00000000000037ac                gfxYield
 .text.gfxThreadExit
                0x00000000000037fc       0x70 _build/gfx_mk.o
                0x00000000000037fc                gfxThreadExit
 .text._gosHeapInit
                0x000000000000386c        0x4 _build/gfx_mk.o
                0x000000000000386c                _gosHeapInit
 .text.gfxAlloc
                0x0000000000003870       0x16 _build/gfx_mk.o
                0x0000000000003870                gfxAlloc
 .text.gfxFree  0x0000000000003886       0x14 _build/gfx_mk.o
                0x0000000000003886                gfxFree
 .text._gdriverInit
                0x000000000000389a        0x4 _build/gfx_mk.o
                0x000000000000389a                _gdriverInit
 *fill*         0x000000000000389e        0x2 
 .text.gdriverRegister
                0x00000000000038a0       0xdc _build/gfx_mk.o
                0x00000000000038a0                gdriverRegister
 .text.gdriverGetInstance
                0x000000000000397c       0x54 _build/gfx_mk.o
                0x000000000000397c                gdriverGetInstance
 .text.gdriverGetNext
                0x00000000000039d0       0x48 _build/gfx_mk.o
                0x00000000000039d0                gdriverGetNext
 .text.mf_render_character
                0x0000000000003a18       0x94 _build/gfx_mk.o
                0x0000000000003a18                mf_render_character
 .text.mf_character_width
                0x0000000000003aac       0x54 _build/gfx_mk.o
                0x0000000000003aac                mf_character_width
 .text.mf_get_font_list
                0x0000000000003b00        0xc _build/gfx_mk.o
                0x0000000000003b00                mf_get_font_list
 .text.find_char_range
                0x0000000000003b0c       0x74 _build/gfx_mk.o
 .text.get_width
                0x0000000000003b80       0x36 _build/gfx_mk.o
 .text.render_char
                0x0000000000003bb6      0x2a8 _build/gfx_mk.o
 .text.mf_bwfont_render_character
                0x0000000000003e5e       0x72 _build/gfx_mk.o
                0x0000000000003e5e                mf_bwfont_render_character
 .text.mf_bwfont_character_width
                0x0000000000003ed0       0x4a _build/gfx_mk.o
                0x0000000000003ed0                mf_bwfont_character_width
 .text.mf_getchar
                0x0000000000003f1a       0x24 _build/gfx_mk.o
                0x0000000000003f1a                mf_getchar
 .text.mf_rewind
                0x0000000000003f3e       0x14 _build/gfx_mk.o
                0x0000000000003f3e                mf_rewind
 .text.mf_round_to_tab
                0x0000000000003f52       0xa2 _build/gfx_mk.o
 .text.mf_round_to_prev_tab
                0x0000000000003ff4       0xa4 _build/gfx_mk.o
 .text.mf_get_string_width
                0x0000000000004098       0xf0 _build/gfx_mk.o
                0x0000000000004098                mf_get_string_width
 .text.strip_spaces
                0x0000000000004188      0x102 _build/gfx_mk.o
 .text.render_left
                0x000000000000428a       0xdc _build/gfx_mk.o
 .text.render_right
                0x0000000000004366      0x136 _build/gfx_mk.o
 .text.mf_render_aligned
                0x000000000000449c      0x108 _build/gfx_mk.o
                0x000000000000449c                mf_render_aligned
 .text.fillarea
                0x00000000000045a4       0xb2 _build/gfx_mk.o
 .text.hline_clip
                0x0000000000004656       0xda _build/gfx_mk.o
 .text.vline_clip
                0x0000000000004730       0xda _build/gfx_mk.o
 *fill*         0x000000000000480a        0x2 
 .text.StartupLogoDisplay
                0x000000000000480c      0x10c _build/gfx_mk.o
 .text._gdispInit
                0x0000000000004918       0x6c _build/gfx_mk.o
                0x0000000000004918                _gdispInit
 .text._gdispInitDriver
                0x0000000000004984       0x44 _build/gfx_mk.o
                0x0000000000004984                _gdispInitDriver
 .text._gdispPostInitDriver
                0x00000000000049c8       0x70 _build/gfx_mk.o
                0x00000000000049c8                _gdispPostInitDriver
 .text._gdispDeInitDriver
                0x0000000000004a38       0x28 _build/gfx_mk.o
                0x0000000000004a38                _gdispDeInitDriver
 .text.gdispGFlush
                0x0000000000004a60       0x14 _build/gfx_mk.o
                0x0000000000004a60                gdispGFlush
 .text.gdispGClear
                0x0000000000004a74       0x7c _build/gfx_mk.o
                0x0000000000004a74                gdispGClear
 .text.gdispGFillArea
                0x0000000000004af0      0x15a _build/gfx_mk.o
                0x0000000000004af0                gdispGFillArea
 .text.gdispGSetClip
                0x0000000000004c4a      0x13c _build/gfx_mk.o
                0x0000000000004c4a                gdispGSetClip
 *fill*         0x0000000000004d86        0x2 
 .text.gdispGControl
                0x0000000000004d88       0xa4 _build/gfx_mk.o
                0x0000000000004d88                gdispGControl
 .text.gdispGDrawBox
                0x0000000000004e2c      0x1bc _build/gfx_mk.o
                0x0000000000004e2c                gdispGDrawBox
 .text.drawcharline
                0x0000000000004fe8      0x140 _build/gfx_mk.o
 .text.drawcharglyph
                0x0000000000005128       0x54 _build/gfx_mk.o
 .text.gdispGDrawString
                0x000000000000517c       0xa4 _build/gfx_mk.o
                0x000000000000517c                gdispGDrawString
 .text.matchfont
                0x0000000000005220       0x78 _build/gfx_mk.o
 .text.gdispOpenFont
                0x0000000000005298       0x88 _build/gfx_mk.o
                0x0000000000005298                gdispOpenFont
 .text.nrf_gpio_pin_port_decode
                0x0000000000005320        0xe _build/gdisp_lld_ST7586.o
 .text.nrf_gpio_cfg
                0x000000000000532e       0x6c _build/gdisp_lld_ST7586.o
 .text.nrf_gpio_cfg_output
                0x000000000000539a       0x20 _build/gdisp_lld_ST7586.o
 .text.nrf_gpio_pin_set
                0x00000000000053ba       0x28 _build/gdisp_lld_ST7586.o
 .text.nrf_gpio_pin_clear
                0x00000000000053e2       0x28 _build/gdisp_lld_ST7586.o
 .text.nrf_gpio_pin_write
                0x000000000000540a       0x26 _build/gdisp_lld_ST7586.o
 .text.nrf_gpio_port_out_set
                0x0000000000005430       0x16 _build/gdisp_lld_ST7586.o
 *fill*         0x0000000000005446        0x2 
 .text.nrf_gpio_port_out_clear
                0x0000000000005448       0x18 _build/gdisp_lld_ST7586.o
 .text.nrf_delay_us
                0x0000000000005460       0x40 _build/gdisp_lld_ST7586.o
 .text.nrf_delay_ms
                0x00000000000054a0       0x1a _build/gdisp_lld_ST7586.o
 *fill*         0x00000000000054ba        0x2 
 .text.spi_event_handler
                0x00000000000054bc       0x14 _build/gdisp_lld_ST7586.o
                0x00000000000054bc                spi_event_handler
 .text.init_board
                0x00000000000054d0       0x94 _build/gdisp_lld_ST7586.o
 .text.post_init_board
                0x0000000000005564        0xa _build/gdisp_lld_ST7586.o
 *fill*         0x000000000000556e        0x2 
 .text.setpin_reset
                0x0000000000005570       0x38 _build/gdisp_lld_ST7586.o
 .text.acquire_bus
                0x00000000000055a8       0x14 _build/gdisp_lld_ST7586.o
 .text.release_bus
                0x00000000000055bc       0x14 _build/gdisp_lld_ST7586.o
 .text.write_cmd
                0x00000000000055d0       0x60 _build/gdisp_lld_ST7586.o
 .text.write_arg
                0x0000000000005630       0x60 _build/gdisp_lld_ST7586.o
 .text.write_data
                0x0000000000005690       0x64 _build/gdisp_lld_ST7586.o
 .text.byteaddr
                0x00000000000056f4       0x38 _build/gdisp_lld_ST7586.o
                0x00000000000056f4                byteaddr
 .text.gdisp_lld_init
                0x000000000000572c      0x284 _build/gdisp_lld_ST7586.o
                0x000000000000572c                gdisp_lld_init
 .text.gdisp_lld_flush
                0x00000000000059b0      0x20c _build/gdisp_lld_ST7586.o
                0x00000000000059b0                gdisp_lld_flush
 .text.gdisp_lld_draw_pixel
                0x0000000000005bbc      0x184 _build/gdisp_lld_ST7586.o
                0x0000000000005bbc                gdisp_lld_draw_pixel
 .text.gdisp_lld_get_pixel_color
                0x0000000000005d40       0xf0 _build/gdisp_lld_ST7586.o
                0x0000000000005d40                gdisp_lld_get_pixel_color
 .text.gdisp_lld_control
                0x0000000000005e30      0x1b8 _build/gdisp_lld_ST7586.o
                0x0000000000005e30                gdisp_lld_control
 .text.libc.__int32_div
                0x0000000000005fe8       0x64 /Applications/SEGGER Embedded Studio 3.24/lib/libc_v6m_t_le_eabi.a(libc_asm.o)
                0x0000000000005fe8                __aeabi_idiv
                0x0000000000005fe8                __int32_div
                0x0000000000005fe8                __divsi3
                0x0000000000006024                __udivsi3
                0x0000000000006024                __uint32_div
                0x0000000000006024                __aeabi_uidiv
 .text.libc.__aeabi_uidivmod
                0x000000000000604c       0x2c /Applications/SEGGER Embedded Studio 3.24/lib/libc_v6m_t_le_eabi.a(libc_asm.o)
                0x000000000000604c                __int32_udivmod
                0x000000000000604c                __aeabi_uidivmod
 .text.libc.__aeabi_idivmod
                0x0000000000006078       0x40 /Applications/SEGGER Embedded Studio 3.24/lib/libc_v6m_t_le_eabi.a(libc_asm.o)
                0x0000000000006078                __aeabi_idivmod
 .text.libc.__RAL_ascii_isctype
                0x00000000000060b8       0x1c /Applications/SEGGER Embedded Studio 3.24/lib/libc_v6m_t_le_eabi.a(libc2.o)
 .text.libc.__RAL_ascii_toupper
                0x00000000000060d4       0x10 /Applications/SEGGER Embedded Studio 3.24/lib/libc_v6m_t_le_eabi.a(libc2.o)
 .text.libc.__RAL_ascii_tolower
                0x00000000000060e4       0x10 /Applications/SEGGER Embedded Studio 3.24/lib/libc_v6m_t_le_eabi.a(libc2.o)
 .text.libc.__RAL_ascii_iswctype
                0x00000000000060f4       0x1c /Applications/SEGGER Embedded Studio 3.24/lib/libc_v6m_t_le_eabi.a(libc2.o)
 .text.libc.__RAL_ascii_towupper
                0x0000000000006110       0x10 /Applications/SEGGER Embedded Studio 3.24/lib/libc_v6m_t_le_eabi.a(libc2.o)
 .text.libc.__RAL_ascii_towlower
                0x0000000000006120       0x10 /Applications/SEGGER Embedded Studio 3.24/lib/libc_v6m_t_le_eabi.a(libc2.o)
 .text.libc.__RAL_ascii_wctomb
                0x0000000000006130       0x10 /Applications/SEGGER Embedded Studio 3.24/lib/libc_v6m_t_le_eabi.a(libc2.o)
                0x0000000000006130                __RAL_ascii_wctomb
 .text.libc.__RAL_ascii_mbtowc
                0x0000000000006140       0x28 /Applications/SEGGER Embedded Studio 3.24/lib/libc_v6m_t_le_eabi.a(libc2.o)
                0x0000000000006140                __RAL_ascii_mbtowc
 .text.libc.__putc
                0x0000000000006168       0x3a /Applications/SEGGER Embedded Studio 3.24/lib/libc_v6m_t_le_eabi.a(libc2.o)
                0x0000000000006168                __putc
 *fill*         0x00000000000061a2        0x2 
 .text.libc.__RAL_isctype
                0x00000000000061a4       0x14 /Applications/SEGGER Embedded Studio 3.24/lib/libc_v6m_t_le_eabi.a(libc2.o)
                0x00000000000061a4                __RAL_isctype
 .text.libc.isprint
                0x00000000000061b8        0xa /Applications/SEGGER Embedded Studio 3.24/lib/libc_v6m_t_le_eabi.a(libc2.o)
                0x00000000000061b8                isprint
 *fill*         0x00000000000061c2        0x2 
 .text.libc.malloc
                0x00000000000061c4       0x9c /Applications/SEGGER Embedded Studio 3.24/lib/libc_v6m_t_le_eabi.a(libc2.o)
                0x00000000000061c4                malloc
 .text.libc.free
                0x0000000000006260       0xc0 /Applications/SEGGER Embedded Studio 3.24/lib/libc_v6m_t_le_eabi.a(libc2.o)
                0x0000000000006260                free
 .text.libc.snprintf
                0x0000000000006320       0x24 /Applications/SEGGER Embedded Studio 3.24/lib/libc_v6m_t_le_eabi.a(libc2.o)
                0x0000000000006320                snprintf
 .text.libc.sprintf
                0x0000000000006344       0x28 /Applications/SEGGER Embedded Studio 3.24/lib/libc_v6m_t_le_eabi.a(libc2.o)
                0x0000000000006344                sprintf
 .text.libc.longjmp
                0x000000000000636c       0x30 /Applications/SEGGER Embedded Studio 3.24/lib/libc_v6m_t_le_eabi.a(libc2_asm.o)
                0x000000000000636c                longjmp
 .text.libc.memcpy
                0x000000000000639c       0x18 /Applications/SEGGER Embedded Studio 3.24/lib/libc_v6m_t_le_eabi.a(libc2_asm.o)
                0x000000000000639c                memcpy
                0x000000000000639c                __aeabi_memcpy
                0x000000000000639c                __aeabi_memcpy4
                0x000000000000639c                __aeabi_memcpy8
 .text.libc.memset
                0x00000000000063b4       0x14 /Applications/SEGGER Embedded Studio 3.24/lib/libc_v6m_t_le_eabi.a(libc2_asm.o)
                0x00000000000063b4                memset
 .text.libc.setjmp
                0x00000000000063c8       0x28 /Applications/SEGGER Embedded Studio 3.24/lib/libc_v6m_t_le_eabi.a(libc2_asm.o)
                0x00000000000063c8                setjmp
 .text.libc.strcpy
                0x00000000000063f0       0x10 /Applications/SEGGER Embedded Studio 3.24/lib/libc_v6m_t_le_eabi.a(libc2_asm.o)
                0x00000000000063f0                strcpy
 .text.libc.strlen
                0x0000000000006400       0x10 /Applications/SEGGER Embedded Studio 3.24/lib/libc_v6m_t_le_eabi.a(libc2_asm.o)
                0x0000000000006400                strlen
 .text.libc.__vfprintf_int_nwp
                0x0000000000006410      0x340 /Applications/SEGGER Embedded Studio 3.24/lib/libvfprintf_v6m_t_le_eabi.o
                0x0000000000006410                __vfprintf_int_nwp
                0x0000000000006750                __text_end__ = (__text_start__ + SIZEOF (.text))
                0x00000000000064d0                __text_size__ = SIZEOF (.text)
                0x0000000000006750                __text_load_end__ = __text_end__

.vfp11_veneer   0x0000000100000000        0x0
 .vfp11_veneer  0x0000000100000000        0x0 linker stubs

.v4_bx          0x0000000100000000        0x0
 .v4_bx         0x0000000100000000        0x0 linker stubs

.iplt           0x0000000100000000        0x0
 .iplt          0x0000000100000000        0x0 _build/ses_nrf51_startup.o
                0x0000000000000001                . = ASSERT (((__text_start__ == __text_end__) || ((__text_end__ >= __FLASH_segment_start__) && (__text_end__ <= __FLASH_segment_end__))), error: .text is too large to fit in FLASH memory segment)
                0x0000000000006750                __dtors_load_start__ = ALIGN (__text_end__, 0x4)

.dtors          0x0000000000006750        0x0
                0x0000000000006750                __dtors_start__ = .
 *(SORT(.dtors.*))
 *(.dtors)
 *(.fini_array)
 *(SORT(.fini_array.*))
                0x0000000000006750                __dtors_end__ = (__dtors_start__ + SIZEOF (.dtors))
                0x0000000000000000                __dtors_size__ = SIZEOF (.dtors)
                0x0000000000006750                __dtors_load_end__ = __dtors_end__
                0x0000000000000001                . = ASSERT (((__dtors_start__ == __dtors_end__) || ((__dtors_end__ >= __FLASH_segment_start__) && (__dtors_end__ <= __FLASH_segment_end__))), error: .dtors is too large to fit in FLASH memory segment)
                0x0000000000006750                __ctors_load_start__ = ALIGN (__dtors_end__, 0x4)

.ctors          0x0000000000006750        0x0
                0x0000000000006750                __ctors_start__ = .
 *(SORT(.ctors.*))
 *(.ctors)
 *(.init_array)
 *(SORT(.init_array.*))
                0x0000000000006750                __ctors_end__ = (__ctors_start__ + SIZEOF (.ctors))
                0x0000000000000000                __ctors_size__ = SIZEOF (.ctors)
                0x0000000000006750                __ctors_load_end__ = __ctors_end__
                0x0000000000000001                . = ASSERT (((__ctors_start__ == __ctors_end__) || ((__ctors_end__ >= __FLASH_segment_start__) && (__ctors_end__ <= __FLASH_segment_end__))), error: .ctors is too large to fit in FLASH memory segment)
                0x0000000000006750                __rodata_load_start__ = ALIGN (__ctors_end__, 0x4)

.rodata         0x0000000000006750     0x1b40
                0x0000000000006750                __rodata_start__ = .
 *(.rodata .rodata.* .gnu.linkonce.r.*)
 .rodata.m_default_color
                0x0000000000006750        0x5 _build/nrf_log_backend_serial.o
 *fill*         0x0000000000006755        0x3 
 .rodata        0x0000000000006758        0x7 _build/nrf_log_backend_serial.o
 *fill*         0x000000000000675f        0x1 
 .rodata.nrf_log_backend_serial_std_handler
                0x0000000000006760       0x1c _build/nrf_log_backend_serial.o
 .rodata        0x000000000000677c       0x1c _build/app_error_weak.o
 .rodata        0x0000000000006798      0x308 _build/sdk_errors.o
 .rodata        0x0000000000006aa0       0x82 _build/nrf_drv_clock.o
 *fill*         0x0000000000006b22        0x2 
 .rodata.__func__.7093
                0x0000000000006b24       0x13 _build/nrf_drv_clock.o
 *fill*         0x0000000000006b37        0x1 
 .rodata        0x0000000000006b38       0x30 _build/nrf_drv_spi.o
 .rodata.__func__.6204
                0x0000000000006b68       0x11 _build/nrf_drv_spi.o
 *fill*         0x0000000000006b79        0x3 
 .rodata.__func__.6247
                0x0000000000006b7c       0x11 _build/nrf_drv_spi.o
 *fill*         0x0000000000006b8d        0x3 
 .rodata        0x0000000000006b90       0x43 _build/main.o
 *fill*         0x0000000000006bd3        0x1 
 .rodata.m_timer_id.6628
                0x0000000000006bd4        0x4 _build/main.o
 .rodata        0x0000000000006bd8       0x17 _build/SEGGER_RTT.o
 *fill*         0x0000000000006bef        0x1 
 .rodata.mf_bwfont_fixed_10x20_glyph_data_0
                0x0000000000006bf0      0x891 _build/gfx_mk.o
 *fill*         0x0000000000007481        0x3 
 .rodata.mf_bwfont_fixed_10x20_glyph_offsets_0
                0x0000000000007484       0xc0 _build/gfx_mk.o
 .rodata.mf_bwfont_fixed_10x20_glyph_widths_0
                0x0000000000007544       0x5f _build/gfx_mk.o
 *fill*         0x00000000000075a3        0x1 
 .rodata.mf_bwfont_fixed_10x20_char_ranges
                0x00000000000075a4       0x18 _build/gfx_mk.o
 .rodata        0x00000000000075bc       0x8f _build/gfx_mk.o
 *fill*         0x000000000000764b        0x1 
 .rodata.mf_bwfont_fixed_10x20
                0x000000000000764c       0x24 _build/gfx_mk.o
                0x000000000000764c                mf_bwfont_fixed_10x20
 .rodata.mf_bwfont_fixed_10x20_listentry
                0x0000000000007670        0x8 _build/gfx_mk.o
 .rodata.mf_bwfont_fixed_7x14_glyph_data_0
                0x0000000000007678      0x532 _build/gfx_mk.o
 *fill*         0x0000000000007baa        0x2 
 .rodata.mf_bwfont_fixed_7x14_char_ranges
                0x0000000000007bac       0x18 _build/gfx_mk.o
 .rodata.mf_bwfont_fixed_7x14
                0x0000000000007bc4       0x24 _build/gfx_mk.o
                0x0000000000007bc4                mf_bwfont_fixed_7x14
 .rodata.mf_bwfont_fixed_7x14_listentry
                0x0000000000007be8        0x8 _build/gfx_mk.o
 .rodata.blks.5469
                0x0000000000007bf0       0x80 _build/gfx_mk.o
 .rodata.GDISPVMT_OnlyOne
                0x0000000000007c70       0x60 _build/gdisp_lld_ST7586.o
                0x0000000000007c70                GDISPVMT_OnlyOne
 .rodata.spi    0x0000000000007cd0        0x8 _build/gdisp_lld_ST7586.o
 .rodata        0x0000000000007cd8       0x6b _build/gdisp_lld_ST7586.o
 *fill*         0x0000000000007d43        0x1 
 .rodata.libc.__RAL_ascii_ctype_map
                0x0000000000007d44       0x80 /Applications/SEGGER Embedded Studio 3.24/lib/libc_v6m_t_le_eabi.a(libc2.o)
                0x0000000000007d44                __RAL_ascii_ctype_map
 .rodata.libc.__RAL_ascii_ctype_mask
                0x0000000000007dc4        0xd /Applications/SEGGER Embedded Studio 3.24/lib/libc_v6m_t_le_eabi.a(libc2.o)
 *fill*         0x0000000000007dd1        0x3 
 .rodata.libc.__RAL_c_locale
                0x0000000000007dd4        0xc /Applications/SEGGER Embedded Studio 3.24/lib/libc_v6m_t_le_eabi.a(libc2.o)
                0x0000000000007dd4                __RAL_c_locale
 .rodata.libc.__RAL_c_locale_abbrev_day_names
                0x0000000000007de0       0x1d /Applications/SEGGER Embedded Studio 3.24/lib/libc_v6m_t_le_eabi.a(libc2.o)
                0x0000000000007de0                __RAL_c_locale_abbrev_day_names
 *fill*         0x0000000000007dfd        0x3 
 .rodata.libc.__RAL_c_locale_abbrev_month_names
                0x0000000000007e00       0x31 /Applications/SEGGER Embedded Studio 3.24/lib/libc_v6m_t_le_eabi.a(libc2.o)
                0x0000000000007e00                __RAL_c_locale_abbrev_month_names
 *fill*         0x0000000000007e31        0x3 
 .rodata.libc.__RAL_c_locale_am_pm_indicator
                0x0000000000007e34        0x7 /Applications/SEGGER Embedded Studio 3.24/lib/libc_v6m_t_le_eabi.a(libc2.o)
                0x0000000000007e34                __RAL_c_locale_am_pm_indicator
 *fill*         0x0000000000007e3b        0x1 
 .rodata.libc.__RAL_c_locale_data
                0x0000000000007e3c       0x58 /Applications/SEGGER Embedded Studio 3.24/lib/libc_v6m_t_le_eabi.a(libc2.o)
                0x0000000000007e3c                __RAL_c_locale_data
 .rodata.libc.__RAL_c_locale_date_format
                0x0000000000007e94        0x9 /Applications/SEGGER Embedded Studio 3.24/lib/libc_v6m_t_le_eabi.a(libc2.o)
                0x0000000000007e94                __RAL_c_locale_date_format
 *fill*         0x0000000000007e9d        0x3 
 .rodata.libc.__RAL_c_locale_date_time_format
                0x0000000000007ea0        0xf /Applications/SEGGER Embedded Studio 3.24/lib/libc_v6m_t_le_eabi.a(libc2.o)
                0x0000000000007ea0                __RAL_c_locale_date_time_format
 *fill*         0x0000000000007eaf        0x1 
 .rodata.libc.__RAL_c_locale_day_names
                0x0000000000007eb0       0x3a /Applications/SEGGER Embedded Studio 3.24/lib/libc_v6m_t_le_eabi.a(libc2.o)
                0x0000000000007eb0                __RAL_c_locale_day_names
 *fill*         0x0000000000007eea        0x2 
 .rodata.libc.__RAL_c_locale_month_names
                0x0000000000007eec       0x57 /Applications/SEGGER Embedded Studio 3.24/lib/libc_v6m_t_le_eabi.a(libc2.o)
                0x0000000000007eec                __RAL_c_locale_month_names
 *fill*         0x0000000000007f43        0x1 
 .rodata.libc.__RAL_c_locale_time_format
                0x0000000000007f44        0x9 /Applications/SEGGER Embedded Studio 3.24/lib/libc_v6m_t_le_eabi.a(libc2.o)
                0x0000000000007f44                __RAL_c_locale_time_format
 *fill*         0x0000000000007f4d        0x3 
 .rodata.libc.__RAL_codeset_ascii
                0x0000000000007f50       0x20 /Applications/SEGGER Embedded Studio 3.24/lib/libc_v6m_t_le_eabi.a(libc2.o)
                0x0000000000007f50                __RAL_codeset_ascii
 .rodata.libc.__RAL_data_empty_string
                0x0000000000007f70        0x1 /Applications/SEGGER Embedded Studio 3.24/lib/libc_v6m_t_le_eabi.a(libc2.o)
                0x0000000000007f70                __RAL_data_empty_string
 *fill*         0x0000000000007f71        0x3 
 .rodata.libc.__RAL_data_utf8_period
                0x0000000000007f74        0x2 /Applications/SEGGER Embedded Studio 3.24/lib/libc_v6m_t_le_eabi.a(libc2.o)
                0x0000000000007f74                __RAL_data_utf8_period
 *fill*         0x0000000000007f76        0x2 
 .rodata.libc.__RAL_find_locale.str1.4
                0x0000000000007f78        0xc /Applications/SEGGER Embedded Studio 3.24/lib/libc_v6m_t_le_eabi.a(libc2.o)
                                          0xa (size before relaxing)
 .rodata.libc.__RAL_hex_lc
                0x0000000000007f84       0x10 /Applications/SEGGER Embedded Studio 3.24/lib/libc_v6m_t_le_eabi.a(libc2.o)
                0x0000000000007f84                __RAL_hex_lc
 .rodata.libc.__RAL_hex_uc
                0x0000000000007f94       0x10 /Applications/SEGGER Embedded Studio 3.24/lib/libc_v6m_t_le_eabi.a(libc2.o)
                0x0000000000007f94                __RAL_hex_uc
 .rodata.libc.__vfprintf_int_nwp
                0x0000000000007fa4      0x2ec /Applications/SEGGER Embedded Studio 3.24/lib/libvfprintf_v6m_t_le_eabi.o
                0x0000000000008290                __rodata_end__ = (__rodata_start__ + SIZEOF (.rodata))
                0x0000000000001b40                __rodata_size__ = SIZEOF (.rodata)
                0x0000000000008290                __rodata_load_end__ = __rodata_end__

.rel.dyn        0x0000000000000000        0x0
 .rel.iplt      0x0000000000000000        0x0 _build/ses_nrf51_startup.o
                0x0000000000000001                . = ASSERT (((__rodata_start__ == __rodata_end__) || ((__rodata_end__ >= __FLASH_segment_start__) && (__rodata_end__ <= __FLASH_segment_end__))), error: .rodata is too large to fit in FLASH memory segment)
                0x0000000000008290                __ARM.exidx_load_start__ = ALIGN (__rodata_end__, 0x4)

.ARM.exidx      0x0000000000008290        0x0
                0x0000000000008290                __ARM.exidx_start__ = .
                0x0000000000008290                __exidx_start = __ARM.exidx_start__
 *(.ARM.exidx .ARM.exidx.*)
                0x0000000000008290                __ARM.exidx_end__ = (__ARM.exidx_start__ + SIZEOF (.ARM.exidx))
                0x0000000000000000                __ARM.exidx_size__ = SIZEOF (.ARM.exidx)
                0x0000000000008290                __exidx_end = __ARM.exidx_end__
                0x0000000000008290                __ARM.exidx_load_end__ = __ARM.exidx_end__
                0x0000000000000001                . = ASSERT (((__ARM.exidx_start__ == __ARM.exidx_end__) || ((__ARM.exidx_end__ >= __FLASH_segment_start__) && (__ARM.exidx_end__ <= __FLASH_segment_end__))), error: .ARM.exidx is too large to fit in FLASH memory segment)
                0x0000000000008290                __fast_load_start__ = ALIGN (__ARM.exidx_end__, 0x4)

.fast           0x0000000020000000        0x0 load address 0x0000000000008290
                0x0000000020000000                __fast_start__ = .
 *(.fast .fast.*)
                0x0000000020000000                __fast_end__ = (__fast_start__ + SIZEOF (.fast))
                0x0000000000000000                __fast_size__ = SIZEOF (.fast)
                0x0000000000008290                __fast_load_end__ = (__fast_load_start__ + SIZEOF (.fast))
                0x0000000000000001                . = ASSERT (((__fast_load_start__ == __fast_load_end__) || ((__fast_load_end__ >= __FLASH_segment_start__) && (__fast_load_end__ <= __FLASH_segment_end__))), error: .fast is too large to fit in FLASH memory segment)

.fast_run       0x0000000020000000        0x0
                0x0000000020000000                __fast_run_start__ = .
                0x0000000020000000                . = MAX ((__fast_run_start__ + SIZEOF (.fast)), .)
                0x0000000020000000                __fast_run_end__ = (__fast_run_start__ + SIZEOF (.fast_run))
                0x0000000000000000                __fast_run_size__ = SIZEOF (.fast_run)
                0x0000000020000000                __fast_run_load_end__ = __fast_run_end__
                0x0000000000000001                . = ASSERT (((__fast_run_start__ == __fast_run_end__) || ((__fast_run_end__ >= __SRAM_segment_start__) && (__fast_run_end__ <= __SRAM_segment_end__))), error: .fast_run is too large to fit in SRAM memory segment)
                0x0000000000008290                __data_load_start__ = ALIGN ((__fast_load_start__ + SIZEOF (.fast)), 0x4)

.data           0x0000000020000000       0x74 load address 0x0000000000008290
                0x0000000020000000                __data_start__ = .
 *(.data .data.* .gnu.linkonce.d.*)
 .data.SystemCoreClock
                0x0000000020000000        0x4 _build/system_nrf51.o
                0x0000000020000000                SystemCoreClock
 .data.m_sdk_errors_name
                0x0000000020000004       0x48 _build/sdk_errors.o
                0x0000000020000004                m_sdk_errors_name
 .data.spi_config
                0x000000002000004c       0x10 _build/gdisp_lld_ST7586.o
                0x000000002000004c                spi_config
 .data.libc.__RAL_global_locale
                0x000000002000005c       0x14 /Applications/SEGGER Embedded Studio 3.24/lib/libc_v6m_t_le_eabi.a(libc2.o)
                0x000000002000005c                __RAL_global_locale
 .data.libc.heap
                0x0000000020000070        0x4 /Applications/SEGGER Embedded Studio 3.24/lib/libc_v6m_t_le_eabi.a(libc2.o)
                0x0000000020000074                __data_end__ = (__data_start__ + SIZEOF (.data))
                0x0000000000000074                __data_size__ = SIZEOF (.data)
                0x0000000000008304                __data_load_end__ = (__data_load_start__ + SIZEOF (.data))

.igot.plt       0x0000000100000000        0x0
 .igot.plt      0x0000000100000000        0x0 _build/ses_nrf51_startup.o
                0x0000000000000001                . = ASSERT (((__data_load_start__ == __data_load_end__) || ((__data_load_end__ >= __FLASH_segment_start__) && (__data_load_end__ <= __FLASH_segment_end__))), error: .data is too large to fit in FLASH memory segment)

.data_run       0x0000000020000000       0x74 load address 0x0000000000008290
                0x0000000020000000                __data_run_start__ = .
                0x0000000020000074                . = MAX ((__data_run_start__ + SIZEOF (.data)), .)
 *fill*         0x0000000020000000       0x74 
                0x0000000020000074                __data_run_end__ = (__data_run_start__ + SIZEOF (.data_run))
                0x0000000000000074                __data_run_size__ = SIZEOF (.data_run)
                0x0000000020000074                __data_run_load_end__ = __data_run_end__
                0x0000000000000001                . = ASSERT (((__data_run_start__ == __data_run_end__) || ((__data_run_end__ >= __SRAM_segment_start__) && (__data_run_end__ <= __SRAM_segment_end__))), error: .data_run is too large to fit in SRAM memory segment)
                0x0000000000008304                __tdata_load_start__ = ALIGN ((__data_load_start__ + SIZEOF (.data)), 0x4)

.tdata          0x0000000020000074        0x0 load address 0x0000000000008304
                0x0000000020000074                __tdata_start__ = .
 *(.tdata .tdata.*)
                0x0000000020000074                __tdata_end__ = (__tdata_start__ + SIZEOF (.tdata))
                0x0000000000000000                __tdata_size__ = SIZEOF (.tdata)
                0x0000000000008304                __tdata_load_end__ = (__tdata_load_start__ + SIZEOF (.tdata))
                0x0000000000008304                __FLASH_segment_used_end__ = (ALIGN ((__data_load_start__ + SIZEOF (.data)), 0x4) + SIZEOF (.tdata))
                0x0000000000008304                __FLASH_segment_used_size__ = (__FLASH_segment_used_end__ - __FLASH_segment_start__)
                0x0000000000000001                . = ASSERT (((__tdata_load_start__ == __tdata_load_end__) || ((__tdata_load_end__ >= __FLASH_segment_start__) && (__tdata_load_end__ <= __FLASH_segment_end__))), error: .tdata is too large to fit in FLASH memory segment)

.tdata_run      0x0000000020000074        0x0
                0x0000000020000074                __tdata_run_start__ = .
                0x0000000020000074                . = MAX ((__tdata_run_start__ + SIZEOF (.tdata)), .)
                0x0000000020000074                __tdata_run_end__ = (__tdata_run_start__ + SIZEOF (.tdata_run))
                0x0000000000000000                __tdata_run_size__ = SIZEOF (.tdata_run)
                0x0000000020000074                __tdata_run_load_end__ = __tdata_run_end__
                0x0000000000000001                . = ASSERT (((__tdata_run_start__ == __tdata_run_end__) || ((__tdata_run_end__ >= __SRAM_segment_start__) && (__tdata_run_end__ <= __SRAM_segment_end__))), error: .tdata_run is too large to fit in SRAM memory segment)
                0x0000000020000074                __bss_load_start__ = ALIGN (__tdata_run_end__, 0x4)

.bss            0x0000000020000074     0x2270
                0x0000000020000074                __bss_start__ = .
 *(.bss .bss.* .gnu.linkonce.b.*)
 .bss.m_initialized
                0x0000000020000074        0x1 _build/nrf_log_backend_serial.o
 .bss.m_blocking_mode
                0x0000000020000075        0x1 _build/nrf_log_backend_serial.o
 *fill*         0x0000000020000076        0x2 
 .bss.m_log_data
                0x0000000020000078       0x1c _build/nrf_log_frontend.o
 .bss.m_op_queue
                0x0000000020000094        0x8 _build/app_timer.o
 .bss.mp_timer_id_head
                0x000000002000009c        0x4 _build/app_timer.o
 .bss.m_ticks_latest
                0x00000000200000a0        0x4 _build/app_timer.o
 .bss.m_ticks_elapsed
                0x00000000200000a4        0x8 _build/app_timer.o
 .bss.m_ticks_elapsed_q_read_ind
                0x00000000200000ac        0x1 _build/app_timer.o
 .bss.m_ticks_elapsed_q_write_ind
                0x00000000200000ad        0x1 _build/app_timer.o
 *fill*         0x00000000200000ae        0x2 
 .bss.m_evt_schedule_func
                0x00000000200000b0        0x4 _build/app_timer.o
 .bss.m_rtc1_running
                0x00000000200000b4        0x1 _build/app_timer.o
 .bss.m_rtc1_reset
                0x00000000200000b5        0x1 _build/app_timer.o
 *fill*         0x00000000200000b6        0x2 
 .bss.nrf_nvic_state
                0x00000000200000b8        0x8 _build/app_util_platform.o
                0x00000000200000b8                nrf_nvic_state
 .bss.m_clock_cb
                0x00000000200000c0       0x14 _build/nrf_drv_clock.o
 .bss.m_cb      0x00000000200000d4       0x1c _build/nrf_drv_uart.o
 .bss.m_cb      0x00000000200000f0       0x20 _build/nrf_drv_spi.o
 .bss.tick      0x0000000020000110        0x4 _build/main.o
 .bss.nrf_info  0x0000000020000114        0x4 _build/main.o
                0x0000000020000114                nrf_info
 .bss.font_small
                0x0000000020000118        0x4 _build/main.o
                0x0000000020000118                font_small
 .bss.font_med  0x000000002000011c        0x4 _build/main.o
                0x000000002000011c                font_med
 .bss.APP_TIMER_BUF.6623
                0x0000000020000120       0x78 _build/main.o
 .bss.m_timer_id_data.6627
                0x0000000020000198       0x20 _build/main.o
 .bss._acUpBuffer
                0x00000000200001b8      0x200 _build/SEGGER_RTT.o
 .bss._acDownBuffer
                0x00000000200003b8       0x10 _build/SEGGER_RTT.o
 .bss._SEGGER_RTT
                0x00000000200003c8       0x78 _build/SEGGER_RTT.o
                0x00000000200003c8                _SEGGER_RTT
 .bss.m_evt_schedule_func
                0x0000000020000440        0x4 _build/softdevice_handler.o
 .bss.m_softdevice_enabled
                0x0000000020000444        0x1 _build/softdevice_handler.o
 .bss.m_suspended
                0x0000000020000445        0x1 _build/softdevice_handler.o
 *fill*         0x0000000020000446        0x2 
 .bss.mp_ble_evt_buffer
                0x0000000020000448        0x4 _build/softdevice_handler.o
 .bss.m_ble_evt_buffer_size
                0x000000002000044c        0x2 _build/softdevice_handler.o
 *fill*         0x000000002000044e        0x2 
 .bss.m_ble_evt_handler
                0x0000000020000450        0x4 _build/softdevice_handler.o
 .bss.m_sys_evt_handler
                0x0000000020000454        0x4 _build/softdevice_handler.o
 .bss.gfxInitDone
                0x0000000020000458        0x1 _build/gfx_mk.o
 *fill*         0x0000000020000459        0x3 
 .bss.readyQ    0x000000002000045c        0x8 _build/gfx_mk.o
 .bss.deadQ     0x0000000020000464        0x8 _build/gfx_mk.o
 .bss._gfxCurrentThread
                0x000000002000046c        0x4 _build/gfx_mk.o
                0x000000002000046c                _gfxCurrentThread
 .bss.mainthread
                0x0000000020000470       0x18 _build/gfx_mk.o
 .bss.maincxt   0x0000000020000488       0x2c _build/gfx_mk.o
 .bss.stackdirup
                0x00000000200004b4        0x1 _build/gfx_mk.o
 *fill*         0x00000000200004b5        0x3 
 .bss.jmpmask1  0x00000000200004b8        0x4 _build/gfx_mk.o
 .bss.jmpmask2  0x00000000200004bc        0x4 _build/gfx_mk.o
 .bss.stackbase
                0x00000000200004c0        0x4 _build/gfx_mk.o
 .bss.pframeinfo
                0x00000000200004c4        0x4 _build/gfx_mk.o
 .bss.dhead     0x00000000200004c8        0x4 _build/gfx_mk.o
 .bss.dtail     0x00000000200004cc        0x4 _build/gfx_mk.o
 .bss.GDISP     0x00000000200004d0        0x4 _build/gfx_mk.o
                0x00000000200004d0                GDISP
 .bss.gdispInitDone
                0x00000000200004d4        0x1 _build/gfx_mk.o
 *fill*         0x00000000200004d5        0x3 
 .bss.fontList  0x00000000200004d8        0x4 _build/gfx_mk.o
 .bss.spi_xfer_done
                0x00000000200004dc        0x1 _build/gdisp_lld_ST7586.o
 *fill*         0x00000000200004dd        0x3 
 .bss.display_buffer
                0x00000000200004e0     0x1e00 _build/gdisp_lld_ST7586.o
 .bss.libc.__user_format_extender
                0x00000000200022e0        0x4 /Applications/SEGGER Embedded Studio 3.24/lib/libc_v6m_t_le_eabi.a(libc2.o)
                0x00000000200022e0                __user_format_extender
 *(COMMON)
                0x00000000200022e4                __bss_end__ = (__bss_start__ + SIZEOF (.bss))
                0x0000000000002270                __bss_size__ = SIZEOF (.bss)
                0x00000000200022e4                __bss_load_end__ = __bss_end__
                0x0000000000000001                . = ASSERT (((__bss_start__ == __bss_end__) || ((__bss_end__ >= __SRAM_segment_start__) && (__bss_end__ <= __SRAM_segment_end__))), error: .bss is too large to fit in SRAM memory segment)
                0x00000000200022e4                __tbss_load_start__ = ALIGN (__bss_end__, 0x4)

.tbss           0x00000000200022e4        0x0
                0x00000000200022e4                __tbss_start__ = .
 *(.tbss .tbss.*)
                0x00000000200022e4                __tbss_end__ = (__tbss_start__ + SIZEOF (.tbss))
                0x0000000000000000                __tbss_size__ = SIZEOF (.tbss)
                0x00000000200022e4                __tbss_load_end__ = __tbss_end__
                0x0000000000000001                . = ASSERT (((__tbss_start__ == __tbss_end__) || ((__tbss_end__ >= __SRAM_segment_start__) && (__tbss_end__ <= __SRAM_segment_end__))), error: .tbss is too large to fit in SRAM memory segment)
                0x00000000200022e4                __non_init_load_start__ = ALIGN (__tbss_end__, 0x4)

.non_init       0x00000000200022e4        0x0
                0x00000000200022e4                __non_init_start__ = .
 *(.non_init .non_init.*)
                0x00000000200022e4                __non_init_end__ = (__non_init_start__ + SIZEOF (.non_init))
                0x0000000000000000                __non_init_size__ = SIZEOF (.non_init)
                0x00000000200022e4                __non_init_load_end__ = __non_init_end__
                0x0000000000000001                . = ASSERT (((__non_init_start__ == __non_init_end__) || ((__non_init_end__ >= __SRAM_segment_start__) && (__non_init_end__ <= __SRAM_segment_end__))), error: .non_init is too large to fit in SRAM memory segment)
                0x00000000200022e4                __heap_load_start__ = ALIGN (__non_init_end__, 0x4)

.heap           0x00000000200022e4      0x400
                0x00000000200022e4                __heap_start__ = .
 *(.heap .heap.*)
                0x00000000200026e4                . = ALIGN (MAX ((__heap_start__ + __HEAPSIZE__), .), 0x4)
 *fill*         0x00000000200022e4      0x400 
                0x00000000200026e4                __heap_end__ = (__heap_start__ + SIZEOF (.heap))
                0x0000000000000400                __heap_size__ = SIZEOF (.heap)
                0x00000000200026e4                __heap_load_end__ = __heap_end__
                0x0000000000000001                . = ASSERT (((__heap_start__ == __heap_end__) || ((__heap_end__ >= __SRAM_segment_start__) && (__heap_end__ <= __SRAM_segment_end__))), error: .heap is too large to fit in SRAM memory segment)
                0x0000000020003c00                __stack_load_start__ = (__SRAM_segment_end__ - 0x400)

.stack          0x0000000020003c00      0x400
                0x0000000020003c00                __stack_start__ = .
 *(.stack .stack.*)
                0x0000000020004000                . = ALIGN (MAX ((__stack_start__ + __STACKSIZE__), .), 0x8)
 *fill*         0x0000000020003c00      0x400 
                0x0000000020004000                __stack_end__ = (__stack_start__ + SIZEOF (.stack))
                0x0000000000000400                __stack_size__ = SIZEOF (.stack)
                0x0000000020004000                __stack_load_end__ = __stack_end__
                0x0000000000000001                . = ASSERT (((__stack_start__ == __stack_end__) || ((__stack_end__ >= __SRAM_segment_start__) && (__stack_end__ <= __SRAM_segment_end__))), error: .stack is too large to fit in SRAM memory segment)
                0x0000000000000001                . = ASSERT ((__heap_end__ <= __stack_start__), error: section .heap overlaps absolute placed section .stack)
                0x0000000020004000                __stack_process_load_start__ = ALIGN (__stack_end__, 0x8)

.stack_process  0x0000000020004000        0x0
                0x0000000020004000                __stack_process_start__ = .
 *(.stack_process .stack_process.*)
                0x0000000020004000                . = ALIGN (MAX ((__stack_process_start__ + __STACKSIZE_PROCESS__), .), 0x8)
                0x0000000020004000                __stack_process_end__ = (__stack_process_start__ + SIZEOF (.stack_process))
                0x0000000000000000                __stack_process_size__ = SIZEOF (.stack_process)
                0x0000000020004000                __stack_process_load_end__ = __stack_process_end__
                0x0000000020004000                __SRAM_segment_used_end__ = (ALIGN (__stack_end__, 0x8) + SIZEOF (.stack_process))
                0x0000000000004000                __SRAM_segment_used_size__ = (__SRAM_segment_used_end__ - __SRAM_segment_start__)
                0x0000000000000001                . = ASSERT (((__stack_process_start__ == __stack_process_end__) || ((__stack_process_end__ >= __SRAM_segment_start__) && (__stack_process_end__ <= __SRAM_segment_end__))), error: .stack_process is too large to fit in SRAM memory segment)
START GROUP
LOAD _build/ses_nrf51_startup.o
LOAD _build/system_nrf51.o
LOAD _build/thumb_crt0.o
LOAD _build/nrf_log_backend_serial.o
LOAD _build/nrf_log_frontend.o
LOAD _build/app_error.o
LOAD _build/app_error_weak.o
LOAD _build/app_timer.o
LOAD _build/app_util_platform.o
LOAD _build/hardfault_implementation.o
LOAD _build/nrf_assert.o
LOAD _build/sdk_errors.o
LOAD _build/nrf_ic_info.o
LOAD _build/nrf_drv_clock.o
LOAD _build/nrf_drv_common.o
LOAD _build/nrf_drv_uart.o
LOAD _build/nrf_drv_spi.o
LOAD _build/main.o
LOAD _build/RTT_Syscalls_IAR.o
LOAD _build/SEGGER_RTT.o
LOAD _build/SEGGER_RTT_printf.o
LOAD _build/softdevice_handler.o
LOAD _build/gfx_mk.o
LOAD _build/gdisp_lld_ST7586.o
LOAD /Applications/SEGGER Embedded Studio 3.24/lib/libdebugio_mempoll_v6m_t_le_eabi.a
LOAD /Applications/SEGGER Embedded Studio 3.24/lib/libm_v6m_t_le_eabi.a
LOAD /Applications/SEGGER Embedded Studio 3.24/lib/libc_v6m_t_le_eabi.a
LOAD /Applications/SEGGER Embedded Studio 3.24/lib/libcpp_v6m_t_le_eabi.a
LOAD /Applications/SEGGER Embedded Studio 3.24/lib/libdebugio_v6m_t_le_eabi.a
LOAD /Applications/SEGGER Embedded Studio 3.24/lib/libvfprintf_v6m_t_le_eabi.o
LOAD /Applications/SEGGER Embedded Studio 3.24/lib/libvfscanf_v6m_t_le_eabi.o
END GROUP
OUTPUT(_build/blinky_rcqr01.elf elf32-littlearm)

.ARM.attributes
                0x0000000000000000       0x2d
 .ARM.attributes
                0x0000000000000000       0x21 _build/ses_nrf51_startup.o
 .ARM.attributes
                0x0000000000000021       0x31 _build/system_nrf51.o
 .ARM.attributes
                0x0000000000000052       0x21 _build/thumb_crt0.o
 .ARM.attributes
                0x0000000000000073       0x31 _build/nrf_log_backend_serial.o
 .ARM.attributes
                0x00000000000000a4       0x31 _build/nrf_log_frontend.o
 .ARM.attributes
                0x00000000000000d5       0x31 _build/app_error.o
 .ARM.attributes
                0x0000000000000106       0x31 _build/app_error_weak.o
 .ARM.attributes
                0x0000000000000137       0x31 _build/app_timer.o
 .ARM.attributes
                0x0000000000000168       0x31 _build/app_util_platform.o
 .ARM.attributes
                0x0000000000000199       0x31 _build/sdk_errors.o
 .ARM.attributes
                0x00000000000001ca       0x31 _build/nrf_ic_info.o
 .ARM.attributes
                0x00000000000001fb       0x31 _build/nrf_drv_clock.o
 .ARM.attributes
                0x000000000000022c       0x31 _build/nrf_drv_common.o
 .ARM.attributes
                0x000000000000025d       0x31 _build/nrf_drv_uart.o
 .ARM.attributes
                0x000000000000028e       0x31 _build/nrf_drv_spi.o
 .ARM.attributes
                0x00000000000002bf       0x31 _build/main.o
 .ARM.attributes
                0x00000000000002f0       0x31 _build/SEGGER_RTT.o
 .ARM.attributes
                0x0000000000000321       0x31 _build/softdevice_handler.o
 .ARM.attributes
                0x0000000000000352       0x31 _build/gfx_mk.o
 .ARM.attributes
                0x0000000000000383       0x31 _build/gdisp_lld_ST7586.o
 .ARM.attributes
                0x00000000000003b4       0x1b /Applications/SEGGER Embedded Studio 3.24/lib/libc_v6m_t_le_eabi.a(libc_asm.o)
 .ARM.attributes
                0x00000000000003cf       0x2b /Applications/SEGGER Embedded Studio 3.24/lib/libc_v6m_t_le_eabi.a(libc2.o)
 .ARM.attributes
                0x00000000000003fa       0x1b /Applications/SEGGER Embedded Studio 3.24/lib/libc_v6m_t_le_eabi.a(libc2_asm.o)
 .ARM.attributes
                0x0000000000000415       0x2b /Applications/SEGGER Embedded Studio 3.24/lib/libvfprintf_v6m_t_le_eabi.o

.comment        0x0000000000000000       0x4c
 .comment       0x0000000000000000       0x4c _build/system_nrf51.o
                                         0x4d (size before relaxing)
 .comment       0x000000000000004c       0x4d _build/nrf_log_backend_serial.o
 .comment       0x000000000000004c       0x4d _build/nrf_log_frontend.o
 .comment       0x000000000000004c       0x4d _build/app_error.o
 .comment       0x000000000000004c       0x4d _build/app_error_weak.o
 .comment       0x000000000000004c       0x4d _build/app_timer.o
 .comment       0x000000000000004c       0x4d _build/app_util_platform.o
 .comment       0x000000000000004c       0x4d _build/sdk_errors.o
 .comment       0x000000000000004c       0x4d _build/nrf_ic_info.o
 .comment       0x000000000000004c       0x4d _build/nrf_drv_clock.o
 .comment       0x000000000000004c       0x4d _build/nrf_drv_common.o
 .comment       0x000000000000004c       0x4d _build/nrf_drv_uart.o
 .comment       0x000000000000004c       0x4d _build/nrf_drv_spi.o
 .comment       0x000000000000004c       0x4d _build/main.o
 .comment       0x000000000000004c       0x4d _build/SEGGER_RTT.o
 .comment       0x000000000000004c       0x4d _build/softdevice_handler.o
 .comment       0x000000000000004c       0x4d _build/gfx_mk.o
 .comment       0x000000000000004c       0x4d _build/gdisp_lld_ST7586.o
 .comment       0x000000000000004c       0x4d /Applications/SEGGER Embedded Studio 3.24/lib/libc_v6m_t_le_eabi.a(libc2.o)
 .comment       0x000000000000004c       0x4d /Applications/SEGGER Embedded Studio 3.24/lib/libvfprintf_v6m_t_le_eabi.o

.debug_line     0x0000000000000000     0x99f5
 .debug_line    0x0000000000000000       0xc0 _build/ses_nrf51_startup.o
 .debug_line    0x00000000000000c0      0x1b5 _build/system_nrf51.o
 .debug_line    0x0000000000000275      0x29a _build/thumb_crt0.o
 .debug_line    0x000000000000050f      0x74e _build/nrf_log_backend_serial.o
 .debug_line    0x0000000000000c5d      0x70c _build/nrf_log_frontend.o
 .debug_line    0x0000000000001369      0x53d _build/app_error.o
 .debug_line    0x00000000000018a6      0x571 _build/app_error_weak.o
 .debug_line    0x0000000000001e17      0xa97 _build/app_timer.o
 .debug_line    0x00000000000028ae      0x5f1 _build/app_util_platform.o
 .debug_line    0x0000000000002e9f       0x7d _build/sdk_errors.o
 .debug_line    0x0000000000002f1c      0x173 _build/nrf_ic_info.o
 .debug_line    0x000000000000308f      0xf4d _build/nrf_drv_clock.o
 .debug_line    0x0000000000003fdc      0x646 _build/nrf_drv_common.o
 .debug_line    0x0000000000004622      0xc36 _build/nrf_drv_uart.o
 .debug_line    0x0000000000005258      0x9c3 _build/nrf_drv_spi.o
 .debug_line    0x0000000000005c1b      0x878 _build/main.o
 .debug_line    0x0000000000006493      0x790 _build/SEGGER_RTT.o
 .debug_line    0x0000000000006c23      0xf05 _build/softdevice_handler.o
 .debug_line    0x0000000000007b28     0x17bf _build/gfx_mk.o
 .debug_line    0x00000000000092e7      0x70e _build/gdisp_lld_ST7586.o

.debug_info     0x0000000000000000    0x214d3
 .debug_info    0x0000000000000000       0xae _build/ses_nrf51_startup.o
 .debug_info    0x00000000000000ae      0x1b1 _build/system_nrf51.o
 .debug_info    0x000000000000025f       0x7e _build/thumb_crt0.o
 .debug_info    0x00000000000002dd     0x1798 _build/nrf_log_backend_serial.o
 .debug_info    0x0000000000001a75     0x1b52 _build/nrf_log_frontend.o
 .debug_info    0x00000000000035c7     0x13a3 _build/app_error.o
 .debug_info    0x000000000000496a     0x12d1 _build/app_error_weak.o
 .debug_info    0x0000000000005c3b     0x2276 _build/app_timer.o
 .debug_info    0x0000000000007eb1     0x14f1 _build/app_util_platform.o
 .debug_info    0x00000000000093a2       0xe3 _build/sdk_errors.o
 .debug_info    0x0000000000009485      0x326 _build/nrf_ic_info.o
 .debug_info    0x00000000000097ab     0x4053 _build/nrf_drv_clock.o
 .debug_info    0x000000000000d7fe     0x14f9 _build/nrf_drv_common.o
 .debug_info    0x000000000000ecf7     0x29ee _build/nrf_drv_uart.o
 .debug_info    0x00000000000116e5     0x22ab _build/nrf_drv_spi.o
 .debug_info    0x0000000000013990     0x1da8 _build/main.o
 .debug_info    0x0000000000015738     0x1bc4 _build/SEGGER_RTT.o
 .debug_info    0x00000000000172fc     0x4f37 _build/softdevice_handler.o
 .debug_info    0x000000000001c233     0x39d9 _build/gfx_mk.o
 .debug_info    0x000000000001fc0c     0x18c7 _build/gdisp_lld_ST7586.o

.debug_abbrev   0x0000000000000000     0x32f2
 .debug_abbrev  0x0000000000000000       0x14 _build/ses_nrf51_startup.o
 .debug_abbrev  0x0000000000000014       0xff _build/system_nrf51.o
 .debug_abbrev  0x0000000000000113       0x12 _build/thumb_crt0.o
 .debug_abbrev  0x0000000000000125      0x2e0 _build/nrf_log_backend_serial.o
 .debug_abbrev  0x0000000000000405      0x301 _build/nrf_log_frontend.o
 .debug_abbrev  0x0000000000000706      0x21f _build/app_error.o
 .debug_abbrev  0x0000000000000925      0x1ff _build/app_error_weak.o
 .debug_abbrev  0x0000000000000b24      0x3c3 _build/app_timer.o
 .debug_abbrev  0x0000000000000ee7      0x2fe _build/app_util_platform.o
 .debug_abbrev  0x00000000000011e5       0x67 _build/sdk_errors.o
 .debug_abbrev  0x000000000000124c      0x139 _build/nrf_ic_info.o
 .debug_abbrev  0x0000000000001385      0x460 _build/nrf_drv_clock.o
 .debug_abbrev  0x00000000000017e5      0x24c _build/nrf_drv_common.o
 .debug_abbrev  0x0000000000001a31      0x388 _build/nrf_drv_uart.o
 .debug_abbrev  0x0000000000001db9      0x336 _build/nrf_drv_spi.o
 .debug_abbrev  0x00000000000020ef      0x347 _build/main.o
 .debug_abbrev  0x0000000000002436      0x2d7 _build/SEGGER_RTT.o
 .debug_abbrev  0x000000000000270d      0x422 _build/softdevice_handler.o
 .debug_abbrev  0x0000000000002b2f      0x45a _build/gfx_mk.o
 .debug_abbrev  0x0000000000002f89      0x369 _build/gdisp_lld_ST7586.o

.debug_aranges  0x0000000000000000     0x25d0
 .debug_aranges
                0x0000000000000000       0x20 _build/ses_nrf51_startup.o
 .debug_aranges
                0x0000000000000020       0x40 _build/system_nrf51.o
 .debug_aranges
                0x0000000000000060       0xe0 _build/thumb_crt0.o
 .debug_aranges
                0x0000000000000140      0x1c8 _build/nrf_log_backend_serial.o
 .debug_aranges
                0x0000000000000308      0x1f0 _build/nrf_log_frontend.o
 .debug_aranges
                0x00000000000004f8      0x180 _build/app_error.o
 .debug_aranges
                0x0000000000000678      0x178 _build/app_error_weak.o
 .debug_aranges
                0x00000000000007f0      0x298 _build/app_timer.o
 .debug_aranges
                0x0000000000000a88      0x1a8 _build/app_util_platform.o
 .debug_aranges
                0x0000000000000c30       0x18 _build/sdk_errors.o
 .debug_aranges
                0x0000000000000c48       0x20 _build/nrf_ic_info.o
 .debug_aranges
                0x0000000000000c68      0x4a8 _build/nrf_drv_clock.o
 .debug_aranges
                0x0000000000001110      0x1a0 _build/nrf_drv_common.o
 .debug_aranges
                0x00000000000012b0      0x328 _build/nrf_drv_uart.o
 .debug_aranges
                0x00000000000015d8      0x258 _build/nrf_drv_spi.o
 .debug_aranges
                0x0000000000001830      0x1e8 _build/main.o
 .debug_aranges
                0x0000000000001a18      0x218 _build/SEGGER_RTT.o
 .debug_aranges
                0x0000000000001c30      0x478 _build/softdevice_handler.o
 .debug_aranges
                0x00000000000020a8      0x448 _build/gfx_mk.o
 .debug_aranges
                0x00000000000024f0       0xe0 _build/gdisp_lld_ST7586.o

.debug_frame    0x0000000000000000     0x5f7c
 .debug_frame   0x0000000000000000       0x6c _build/system_nrf51.o
 .debug_frame   0x000000000000006c      0x408 _build/nrf_log_backend_serial.o
 .debug_frame   0x0000000000000474      0x4bc _build/nrf_log_frontend.o
 .debug_frame   0x0000000000000930      0x308 _build/app_error.o
 .debug_frame   0x0000000000000c38      0x2e0 _build/app_error_weak.o
 .debug_frame   0x0000000000000f18      0x6d4 _build/app_timer.o
 .debug_frame   0x00000000000015ec      0x378 _build/app_util_platform.o
 .debug_frame   0x0000000000001964       0x28 _build/nrf_ic_info.o
 .debug_frame   0x000000000000198c      0xaac _build/nrf_drv_clock.o
 .debug_frame   0x0000000000002438      0x378 _build/nrf_drv_common.o
 .debug_frame   0x00000000000027b0      0x8fc _build/nrf_drv_uart.o
 .debug_frame   0x00000000000030ac      0x600 _build/nrf_drv_spi.o
 .debug_frame   0x00000000000036ac      0x47c _build/main.o
 .debug_frame   0x0000000000003b28      0x55c _build/SEGGER_RTT.o
 .debug_frame   0x0000000000004084      0xa0c _build/softdevice_handler.o
 .debug_frame   0x0000000000004a90      0xfb4 _build/gfx_mk.o
 .debug_frame   0x0000000000005a44      0x308 _build/gdisp_lld_ST7586.o
 .debug_frame   0x0000000000005d4c      0x190 /Applications/SEGGER Embedded Studio 3.24/lib/libc_v6m_t_le_eabi.a(libc_asm.o)
 .debug_frame   0x0000000000005edc       0xa0 /Applications/SEGGER Embedded Studio 3.24/lib/libc_v6m_t_le_eabi.a(libc2_asm.o)

.debug_pubnames
                0x0000000000000000     0xea21
 .debug_pubnames
                0x0000000000000000       0xbb _build/system_nrf51.o
 .debug_pubnames
                0x00000000000000bb      0xaa8 _build/nrf_log_backend_serial.o
 .debug_pubnames
                0x0000000000000b63      0xafb _build/nrf_log_frontend.o
 .debug_pubnames
                0x000000000000165e      0x9a0 _build/app_error.o
 .debug_pubnames
                0x0000000000001ffe      0x975 _build/app_error_weak.o
 .debug_pubnames
                0x0000000000002973     0x1154 _build/app_timer.o
 .debug_pubnames
                0x0000000000003ac7      0xc8b _build/app_util_platform.o
 .debug_pubnames
                0x0000000000004752       0x5f _build/sdk_errors.o
 .debug_pubnames
                0x00000000000047b1       0xa9 _build/nrf_ic_info.o
 .debug_pubnames
                0x000000000000485a     0x2295 _build/nrf_drv_clock.o
 .debug_pubnames
                0x0000000000006aef      0xbe2 _build/nrf_drv_common.o
 .debug_pubnames
                0x00000000000076d1     0x12cf _build/nrf_drv_uart.o
 .debug_pubnames
                0x00000000000089a0      0xfc6 _build/nrf_drv_spi.o
 .debug_pubnames
                0x0000000000009966      0xcd0 _build/main.o
 .debug_pubnames
                0x000000000000a636      0xbe8 _build/SEGGER_RTT.o
 .debug_pubnames
                0x000000000000b21e     0x1f45 _build/softdevice_handler.o
 .debug_pubnames
                0x000000000000d163      0xf51 _build/gfx_mk.o
 .debug_pubnames
                0x000000000000e0b4      0x96d _build/gdisp_lld_ST7586.o

.debug_pubtypes
                0x0000000000000000     0x5107
 .debug_pubtypes
                0x0000000000000000       0xd4 _build/system_nrf51.o
 .debug_pubtypes
                0x00000000000000d4      0x376 _build/nrf_log_backend_serial.o
 .debug_pubtypes
                0x000000000000044a      0x406 _build/nrf_log_frontend.o
 .debug_pubtypes
                0x0000000000000850      0x341 _build/app_error.o
 .debug_pubtypes
                0x0000000000000b91      0x30f _build/app_error_weak.o
 .debug_pubtypes
                0x0000000000000ea0      0x441 _build/app_timer.o
 .debug_pubtypes
                0x00000000000012e1      0x306 _build/app_util_platform.o
 .debug_pubtypes
                0x00000000000015e7       0xb5 _build/sdk_errors.o
 .debug_pubtypes
                0x000000000000169c      0x100 _build/nrf_ic_info.o
 .debug_pubtypes
                0x000000000000179c      0xaae _build/nrf_drv_clock.o
 .debug_pubtypes
                0x000000000000224a      0x32e _build/nrf_drv_common.o
 .debug_pubtypes
                0x0000000000002578      0x533 _build/nrf_drv_uart.o
 .debug_pubtypes
                0x0000000000002aab      0x546 _build/nrf_drv_spi.o
 .debug_pubtypes
                0x0000000000002ff1      0x4a9 _build/main.o
 .debug_pubtypes
                0x000000000000349a      0x325 _build/SEGGER_RTT.o
 .debug_pubtypes
                0x00000000000037bf     0x1023 _build/softdevice_handler.o
 .debug_pubtypes
                0x00000000000047e2      0x502 _build/gfx_mk.o
 .debug_pubtypes
                0x0000000000004ce4      0x423 _build/gdisp_lld_ST7586.o

.debug_ranges   0x0000000000000000     0x24e0
 .debug_ranges  0x0000000000000000       0x30 _build/system_nrf51.o
 .debug_ranges  0x0000000000000030       0xd8 _build/thumb_crt0.o
 .debug_ranges  0x0000000000000108      0x1b8 _build/nrf_log_backend_serial.o
 .debug_ranges  0x00000000000002c0      0x1e0 _build/nrf_log_frontend.o
 .debug_ranges  0x00000000000004a0      0x170 _build/app_error.o
 .debug_ranges  0x0000000000000610      0x168 _build/app_error_weak.o
 .debug_ranges  0x0000000000000778      0x288 _build/app_timer.o
 .debug_ranges  0x0000000000000a00      0x198 _build/app_util_platform.o
 .debug_ranges  0x0000000000000b98       0x10 _build/nrf_ic_info.o
 .debug_ranges  0x0000000000000ba8      0x4b0 _build/nrf_drv_clock.o
 .debug_ranges  0x0000000000001058      0x190 _build/nrf_drv_common.o
 .debug_ranges  0x00000000000011e8      0x318 _build/nrf_drv_uart.o
 .debug_ranges  0x0000000000001500      0x248 _build/nrf_drv_spi.o
 .debug_ranges  0x0000000000001748      0x1d8 _build/main.o
 .debug_ranges  0x0000000000001920      0x208 _build/SEGGER_RTT.o
 .debug_ranges  0x0000000000001b28      0x4b0 _build/softdevice_handler.o
 .debug_ranges  0x0000000000001fd8      0x438 _build/gfx_mk.o
 .debug_ranges  0x0000000000002410       0xd0 _build/gdisp_lld_ST7586.o

.debug_str      0x0000000000000000     0x85f1
 .debug_str     0x0000000000000000      0x2d1 _build/system_nrf51.o
                                        0x2ea (size before relaxing)
 .debug_str     0x00000000000002d1     0x130b _build/nrf_log_backend_serial.o
                                       0x1640 (size before relaxing)
 .debug_str     0x00000000000015dc      0x31b _build/nrf_log_frontend.o
                                       0x1679 (size before relaxing)
 .debug_str     0x00000000000018f7      0x119 _build/app_error.o
                                       0x13f1 (size before relaxing)
 .debug_str     0x0000000000001a10       0xa6 _build/app_error_weak.o
                                       0x136a (size before relaxing)
 .debug_str     0x0000000000001ab6      0xaa2 _build/app_timer.o
                                       0x1dfd (size before relaxing)
 .debug_str     0x0000000000002558      0x17a _build/app_util_platform.o
                                       0x160d (size before relaxing)
 .debug_str     0x00000000000026d2       0x4d _build/sdk_errors.o
                                        0x232 (size before relaxing)
 .debug_str     0x000000000000271f      0x1c6 _build/nrf_ic_info.o
                                        0x3cc (size before relaxing)
 .debug_str     0x00000000000028e5     0x24b9 _build/nrf_drv_clock.o
                                       0x3ad4 (size before relaxing)
 .debug_str     0x0000000000004d9e       0xab _build/nrf_drv_common.o
                                       0x15a1 (size before relaxing)
 .debug_str     0x0000000000004e49      0xe07 _build/nrf_drv_uart.o
                                       0x239a (size before relaxing)
 .debug_str     0x0000000000005c50      0x66d _build/nrf_drv_spi.o
                                       0x1f66 (size before relaxing)
 .debug_str     0x00000000000062bd      0x137 _build/main.o
                                       0x1ac2 (size before relaxing)
 .debug_str     0x00000000000063f4      0x2d5 _build/SEGGER_RTT.o
                                       0x1604 (size before relaxing)
 .debug_str     0x00000000000066c9      0xbfc _build/softdevice_handler.o
                                       0x4075 (size before relaxing)
 .debug_str     0x00000000000072c5     0x11da _build/gfx_mk.o
                                       0x1a3c (size before relaxing)
 .debug_str     0x000000000000849f      0x152 _build/gdisp_lld_ST7586.o
                                       0x1417 (size before relaxing)
