Archive member included to satisfy reference by file (symbol)

/Applications/SEGGER Embedded Studio 3.24/lib/libc_v6m_t_le_eabi.a(libc2.o)
                              _build/nrf_log_backend_serial.o (isprint)
/Applications/SEGGER Embedded Studio 3.24/lib/libc_v6m_t_le_eabi.a(libc2_asm.o)
                              _build/nrf_log_backend_serial.o (memcpy)
/Applications/SEGGER Embedded Studio 3.24/lib/libc_v6m_t_le_eabi.a(libc_asm.o)
                              /Applications/SEGGER Embedded Studio 3.24/lib/libc_v6m_t_le_eabi.a(libc2.o) (__aeabi_uldivmod)
/Applications/SEGGER Embedded Studio 3.24/lib/libdebugio_v6m_t_le_eabi.a(libdebugio.o)
                              _build/thumb_crt0.o (debug_fopen)
/Applications/SEGGER Embedded Studio 3.24/lib/libdebugio_mempoll_v6m_t_le_eabi.a(mempoll_debug_operations.o)
                              /Applications/SEGGER Embedded Studio 3.24/lib/libdebugio_v6m_t_le_eabi.a(libdebugio.o) (__do_debug_operation)
/Applications/SEGGER Embedded Studio 3.24/lib/libdebugio_mempoll_v6m_t_le_eabi.a(do_nv_debug_operation.o)
                              /Applications/SEGGER Embedded Studio 3.24/lib/libdebugio_v6m_t_le_eabi.a(libdebugio.o) (__do_nvdebug_operation)
/Applications/SEGGER Embedded Studio 3.24/lib/libm_v6m_t_le_eabi.a(libm_asm.o)
                              /Applications/SEGGER Embedded Studio 3.24/lib/libc_v6m_t_le_eabi.a(libc2.o) (__aeabi_i2f)
/Applications/SEGGER Embedded Studio 3.24/lib/libm_v6m_t_le_eabi.a(libm2.o)
                              /Applications/SEGGER Embedded Studio 3.24/lib/libvfprintf_v6m_t_le_eabi.o (frexp)
/Applications/SEGGER Embedded Studio 3.24/lib/libm_v6m_t_le_eabi.a(libm2_asm.o)
                              /Applications/SEGGER Embedded Studio 3.24/lib/libm_v6m_t_le_eabi.a(libm2.o) (fabs)

Discarded input sections

 .text          0x0000000000000000        0x0 _build/thumb_crt0.o
 .data          0x0000000000000000        0x0 _build/thumb_crt0.o
 .bss           0x0000000000000000        0x0 _build/thumb_crt0.o
 .text.__aeabi_read_tp
                0x0000000000000000        0x8 _build/thumb_crt0.o
 .text.__heap_lock
                0x0000000000000000        0x2 _build/thumb_crt0.o
 .text.__heap_unlock
                0x0000000000000000        0x2 _build/thumb_crt0.o
 .text.__printf_lock
                0x0000000000000000        0x2 _build/thumb_crt0.o
 .text.__printf_unlock
                0x0000000000000000        0x2 _build/thumb_crt0.o
 .text.__scanf_lock
                0x0000000000000000        0x2 _build/thumb_crt0.o
 .text.__scanf_unlock
                0x0000000000000000        0x2 _build/thumb_crt0.o
 .text.__debug_io_lock
                0x0000000000000000        0x2 _build/thumb_crt0.o
 .text.__debug_io_unlock
                0x0000000000000000        0x2 _build/thumb_crt0.o
 .text.abort    0x0000000000000000        0x2 _build/thumb_crt0.o
 .text.__assert
                0x0000000000000000        0x2 _build/thumb_crt0.o
 .text.__aeabi_assert
                0x0000000000000000        0x2 _build/thumb_crt0.o
 .text.__cxa_pure_virtual
                0x0000000000000000        0x2 _build/thumb_crt0.o
 .text.__cxa_guard_acquire
                0x0000000000000000       0x10 _build/thumb_crt0.o
 .text.__cxa_guard_release
                0x0000000000000000        0x6 _build/thumb_crt0.o
 .text.__cxa_guard_abort
                0x0000000000000000        0x2 _build/thumb_crt0.o
 .text.__sync_synchronize
                0x0000000000000000        0x2 _build/thumb_crt0.o
 .text.__getchar
                0x0000000000000000       0x10 _build/thumb_crt0.o
 .text.__putchar
                0x0000000000000000       0x10 _build/thumb_crt0.o
 .text.__open   0x0000000000000000       0x10 _build/thumb_crt0.o
 .text.__close  0x0000000000000000       0x10 _build/thumb_crt0.o
 .text.__write  0x0000000000000000       0x14 _build/thumb_crt0.o
 .text.__read   0x0000000000000000       0x14 _build/thumb_crt0.o
 .text.__seek   0x0000000000000000       0x1c _build/thumb_crt0.o
 .bss.__user_locale_name_buffer
                0x0000000000000000        0x4 _build/thumb_crt0.o
 .stack         0x0000000000000000        0x0 _build/thumb_crt0.o
 .stack_process
                0x0000000000000000        0x0 _build/thumb_crt0.o
 .heap          0x0000000000000000        0x0 _build/thumb_crt0.o
 .text          0x0000000000000000        0x0 _build/Cortex_M_Startup.o
 .data          0x0000000000000000        0x0 _build/Cortex_M_Startup.o
 .bss           0x0000000000000000        0x0 _build/Cortex_M_Startup.o
 .text          0x0000000000000000        0x0 _build/nrf_log_backend_serial.o
 .data          0x0000000000000000        0x0 _build/nrf_log_backend_serial.o
 .bss           0x0000000000000000        0x0 _build/nrf_log_backend_serial.o
 .text.sd_mutex_new
                0x0000000000000000        0x8 _build/nrf_log_backend_serial.o
 .text.sd_mutex_acquire
                0x0000000000000000        0x8 _build/nrf_log_backend_serial.o
 .text.sd_mutex_release
[...]
Memory Configuration

Name             Origin             Length             Attributes
UNPLACED_SECTIONS 0x0000000100000000 0x0000000000000000 xw
FLASH            0x0000000000000000 0x0000000000040000 xr
SRAM             0x0000000020000000 0x0000000000004000 xw
*default*        0x0000000000000000 0xffffffffffffffff

Linker script and memory map

                0x0000000000000000                __vfprintf = __vfprintf_int_nwp
                0x0000000000000000                __vfscanf = __vfscanf_int
                0x0000000000000000                __FLASH_segment_start__ = 0x0
                0x0000000000040000                __FLASH_segment_end__ = 0x40000
                0x0000000000040000                __FLASH_segment_size__ = 0x40000
                0x0000000020000000                __SRAM_segment_start__ = 0x20000000
                0x0000000020004000                __SRAM_segment_end__ = 0x20004000
                0x0000000000004000                __SRAM_segment_size__ = 0x4000
                0x0000000000000400                __HEAPSIZE__ = 0x400
                0x0000000000000000                __STACKSIZE_ABT__ = 0x0
                0x0000000000000000                __STACKSIZE_FIQ__ = 0x0
                0x0000000000000000                __STACKSIZE_IRQ__ = 0x0
                0x0000000000000000                __STACKSIZE_PROCESS__ = 0x0
                0x0000000000000000                __STACKSIZE_SVC__ = 0x0
                0x0000000000000000                __STACKSIZE_UND__ = 0x0
                0x0000000000000400                __STACKSIZE__ = 0x400
                0x0000000020000000                __vectors_ram_load_start__ = ALIGN (__SRAM_segment_start__, 0x100)

.vectors_ram    0x0000000020000000        0x0
                0x0000000020000000                __vectors_ram_start__ = .
 *(.vectors_ram .vectors_ram.*)
                0x0000000020000000                __vectors_ram_end__ = (__vectors_ram_start__ + SIZEOF (.vectors_ram))
                0x0000000000000000                __vectors_ram_size__ = SIZEOF (.vectors_ram)
                0x0000000020000000                __vectors_ram_load_end__ = __vectors_ram_end__
                0x0000000000000001                . = ASSERT (((__vectors_ram_start__ == __vectors_ram_end__) || ((__vectors_ram_end__ >= __SRAM_segment_start__) && (__vectors_ram_end__ <= __SRAM_segment_end__))), error: .vectors_ram is too large to fit in SRAM memory segment)
                0x0000000000000000                __vectors_load_start__ = ALIGN (__FLASH_segment_start__, 0x100)

.vectors        0x0000000000000000       0xc0
                0x0000000000000000                __vectors_start__ = .
 *(.vectors .vectors.*)
 .vectors       0x0000000000000000       0xc0 _build/Cortex_M_Startup.o
                0x0000000000000000                _vectors
                0x00000000000000c0                __vectors_end__ = (__vectors_start__ + SIZEOF (.vectors))
                0x00000000000000c0                __vectors_size__ = SIZEOF (.vectors)
                0x00000000000000c0                __vectors_load_end__ = __vectors_end__
                0x0000000000000001                . = ASSERT (((__vectors_start__ == __vectors_end__) || ((__vectors_end__ >= __FLASH_segment_start__) && (__vectors_end__ <= __FLASH_segment_end__))), error: .vectors is too large to fit in FLASH memory segment)
                0x00000000000000c0                __init_load_start__ = ALIGN (__vectors_end__, 0x4)

.init           0x00000000000000c0      0x1b4
                0x00000000000000c0                __init_start__ = .
 *(.init .init.*)
 .init          0x00000000000000c0      0x158 _build/thumb_crt0.o
                0x00000000000000c0                _start
                0x0000000000000172                exit
 .init          0x0000000000000218       0x5c _build/Cortex_M_Startup.o
                0x0000000000000218                NMI_Handler
                0x000000000000021a                HardFault_Handler
                0x000000000000021c                SVC_Handler
                0x000000000000021e                PendSV_Handler
                0x0000000000000220                SysTick_Handler
                0x0000000000000222                ExternalISR0
                0x0000000000000224                ExternalISR1
                0x0000000000000226                ExternalISR2
                0x0000000000000228                ExternalISR3
                0x000000000000022a                ExternalISR4
                0x000000000000022c                ExternalISR5
                0x000000000000022e                ExternalISR6
                0x0000000000000230                ExternalISR7
                0x0000000000000232                ExternalISR8
                0x0000000000000234                ExternalISR9
                0x0000000000000236                ExternalISR10
                0x0000000000000238                ExternalISR11
                0x000000000000023a                ExternalISR12
                0x000000000000023c                ExternalISR13
                0x000000000000023e                ExternalISR14
                0x0000000000000240                ExternalISR15
                0x0000000000000242                ExternalISR16
                0x0000000000000244                ExternalISR17
                0x0000000000000246                ExternalISR18
                0x0000000000000248                ExternalISR19
                0x000000000000024a                ExternalISR20
                0x000000000000024c                ExternalISR21
                0x000000000000024e                ExternalISR22
                0x0000000000000250                ExternalISR23
                0x0000000000000252                ExternalISR24
                0x0000000000000254                ExternalISR25
                0x0000000000000256                ExternalISR26
                0x0000000000000258                ExternalISR27
                0x000000000000025a                ExternalISR28
                0x000000000000025c                ExternalISR29
                0x000000000000025e                ExternalISR30
                0x0000000000000260                ExternalISR31
                0x0000000000000262                reset_handler
                0x0000000000000274                __init_end__ = (__init_start__ + SIZEOF (.init))
                0x00000000000001b4                __init_size__ = SIZEOF (.init)
                0x0000000000000274                __init_load_end__ = __init_end__
                0x0000000000000001                . = ASSERT (((__init_start__ == __init_end__) || ((__init_end__ >= __FLASH_segment_start__) && (__init_end__ <= __FLASH_segment_end__))), error: .init is too large to fit in FLASH memory segment)
                0x0000000000000274                __init_rodata_load_start__ = ALIGN (__init_end__, 0x4)

.init_rodata    0x0000000000000274        0x0
                0x0000000000000274                __init_rodata_start__ = .
 *(.init_rodata .init_rodata.*)
                0x0000000000000274                __init_rodata_end__ = (__init_rodata_start__ + SIZEOF (.init_rodata))
                0x0000000000000000                __init_rodata_size__ = SIZEOF (.init_rodata)
                0x0000000000000274                __init_rodata_load_end__ = __init_rodata_end__
                0x0000000000000001                . = ASSERT (((__init_rodata_start__ == __init_rodata_end__) || ((__init_rodata_end__ >= __FLASH_segment_start__) && (__init_rodata_end__ <= __FLASH_segment_end__))), error: .init_rodata is too large to fit in FLASH memory segment)
                0x0000000000000274                __text_load_start__ = ALIGN (__init_rodata_end__, 0x4)

.text           0x0000000000000274      0x824
                0x0000000000000274                __text_start__ = .
 *(.text .text.* .glue_7t .glue_7 .gnu.linkonce.t.* .gcc_except_table .ARM.extab* .gnu.linkonce.armextab.*)
 .glue_7        0x0000000000000274        0x0 linker stubs
 .glue_7t       0x0000000000000274        0x0 linker stubs
 .text.__sd_nvic_irq_disable
                0x0000000000000274       0x16 _build/app_util_platform.o
 .text.__sd_nvic_irq_enable
                0x000000000000028a        0x6 _build/app_util_platform.o
 .text.sd_nvic_critical_region_enter
                0x0000000000000290       0x60 _build/app_util_platform.o
 .text.sd_nvic_critical_region_exit
                0x00000000000002f0       0x50 _build/app_util_platform.o
 .text.app_util_critical_region_enter
                0x0000000000000340       0x14 _build/app_util_platform.o
                0x0000000000000340                app_util_critical_region_enter
 .text.app_util_critical_region_exit
                0x0000000000000354       0x1e _build/app_util_platform.o
                0x0000000000000354                app_util_critical_region_exit
 *fill*         0x0000000000000372        0x2 
 .text.nrf_delay_us
                0x0000000000000374       0x40 _build/main.o
 .text.nrf_delay_ms
                0x00000000000003b4       0x1a _build/main.o
 .text.nrf_gpio_pin_port_decode
                0x00000000000003ce        0xe _build/main.o
 .text.nrf_gpio_cfg
                0x00000000000003dc       0x6c _build/main.o
 .text.nrf_gpio_cfg_output
                0x0000000000000448       0x20 _build/main.o
 .text.nrf_gpio_pin_set
                0x0000000000000468       0x28 _build/main.o
 .text.nrf_gpio_pin_clear
                0x0000000000000490       0x28 _build/main.o
 .text.nrf_gpio_pin_toggle
                0x00000000000004b8       0x54 _build/main.o
 .text.nrf_gpio_pin_write
                0x000000000000050c       0x26 _build/main.o
 .text.nrf_gpio_port_out_set
                0x0000000000000532       0x16 _build/main.o
 .text.nrf_gpio_port_out_clear
                0x0000000000000548       0x18 _build/main.o
 .text.main     0x0000000000000560       0x44 _build/main.o
                0x0000000000000560                main
 .text._DoInit  0x00000000000005a4       0x9c _build/SEGGER_RTT.o
 .text._WriteBlocking
                0x0000000000000640       0xb0 _build/SEGGER_RTT.o
 .text._WriteNoCheck
                0x00000000000006f0       0x7c _build/SEGGER_RTT.o
 .text._GetAvailWriteSpace
                0x000000000000076c       0x3c _build/SEGGER_RTT.o
 .text.SEGGER_RTT_WriteNoLock
                0x00000000000007a8       0xa8 _build/SEGGER_RTT.o
                0x00000000000007a8                SEGGER_RTT_WriteNoLock
 .text.SEGGER_RTT_Write
                0x0000000000000850       0x58 _build/SEGGER_RTT.o
                0x0000000000000850                SEGGER_RTT_Write
 .text.SEGGER_RTT_WriteString
                0x00000000000008a8       0x28 _build/SEGGER_RTT.o
                0x00000000000008a8                SEGGER_RTT_WriteString
 .text.SystemInit
                0x00000000000008d0       0x70 _build/system_nrf51.o
                0x00000000000008d0                SystemInit
 .text.is_manual_peripheral_setup_needed
                0x0000000000000940       0x78 _build/system_nrf51.o
 .text.is_disabled_in_debug_needed
                0x00000000000009b8       0x48 _build/system_nrf51.o
 .text.is_peripheral_domain_setup_needed
                0x0000000000000a00       0x60 _build/system_nrf51.o
 .text.libc.memcpy
                0x0000000000000a60       0x18 /Applications/SEGGER Embedded Studio 3.24/lib/libc_v6m_t_le_eabi.a(libc2_asm.o)
                0x0000000000000a60                memcpy
                0x0000000000000a60                __aeabi_memcpy
                0x0000000000000a60                __aeabi_memcpy4
                0x0000000000000a60                __aeabi_memcpy8
 .text.libc.strcpy
                0x0000000000000a78       0x10 /Applications/SEGGER Embedded Studio 3.24/lib/libc_v6m_t_le_eabi.a(libc2_asm.o)
                0x0000000000000a78                strcpy
 .text.libc.strlen
                0x0000000000000a88       0x10 /Applications/SEGGER Embedded Studio 3.24/lib/libc_v6m_t_le_eabi.a(libc2_asm.o)
                0x0000000000000a88                strlen
                0x0000000000000a98                __text_end__ = (__text_start__ + SIZEOF (.text))
                0x0000000000000824                __text_size__ = SIZEOF (.text)
                0x0000000000000a98                __text_load_end__ = __text_end__

.vfp11_veneer   0x0000000100000000        0x0
 .vfp11_veneer  0x0000000100000000        0x0 linker stubs

.v4_bx          0x0000000100000000        0x0
 .v4_bx         0x0000000100000000        0x0 linker stubs

.iplt           0x0000000100000000        0x0
 .iplt          0x0000000100000000        0x0 _build/thumb_crt0.o
                0x0000000000000001                . = ASSERT (((__text_start__ == __text_end__) || ((__text_end__ >= __FLASH_segment_start__) && (__text_end__ <= __FLASH_segment_end__))), error: .text is too large to fit in FLASH memory segment)
                0x0000000000000a98                __dtors_load_start__ = ALIGN (__text_end__, 0x4)

.dtors          0x0000000000000a98        0x0
                0x0000000000000a98                __dtors_start__ = .
 *(SORT(.dtors.*))
 *(.dtors)
 *(.fini_array)
 *(SORT(.fini_array.*))
                0x0000000000000a98                __dtors_end__ = (__dtors_start__ + SIZEOF (.dtors))
                0x0000000000000000                __dtors_size__ = SIZEOF (.dtors)
                0x0000000000000a98                __dtors_load_end__ = __dtors_end__
                0x0000000000000001                . = ASSERT (((__dtors_start__ == __dtors_end__) || ((__dtors_end__ >= __FLASH_segment_start__) && (__dtors_end__ <= __FLASH_segment_end__))), error: .dtors is too large to fit in FLASH memory segment)
                0x0000000000000a98                __ctors_load_start__ = ALIGN (__dtors_end__, 0x4)

.ctors          0x0000000000000a98        0x0
                0x0000000000000a98                __ctors_start__ = .
 *(SORT(.ctors.*))
 *(.ctors)
 *(.init_array)
 *(SORT(.init_array.*))
                0x0000000000000a98                __ctors_end__ = (__ctors_start__ + SIZEOF (.ctors))
                0x0000000000000000                __ctors_size__ = SIZEOF (.ctors)
                0x0000000000000a98                __ctors_load_end__ = __ctors_end__
                0x0000000000000001                . = ASSERT (((__ctors_start__ == __ctors_end__) || ((__ctors_end__ >= __FLASH_segment_start__) && (__ctors_end__ <= __FLASH_segment_end__))), error: .ctors is too large to fit in FLASH memory segment)
                0x0000000000000a98                __rodata_load_start__ = ALIGN (__ctors_end__, 0x4)

.rodata         0x0000000000000a98       0x27
                0x0000000000000a98                __rodata_start__ = .
 *(.rodata .rodata.* .gnu.linkonce.r.*)
 .rodata        0x0000000000000a98        0xe _build/main.o
 *fill*         0x0000000000000aa6        0x2 
 .rodata        0x0000000000000aa8       0x17 _build/SEGGER_RTT.o
                0x0000000000000abf                __rodata_end__ = (__rodata_start__ + SIZEOF (.rodata))
                0x0000000000000027                __rodata_size__ = SIZEOF (.rodata)
                0x0000000000000abf                __rodata_load_end__ = __rodata_end__

.rel.dyn        0x0000000000000000        0x0
 .rel.iplt      0x0000000000000000        0x0 _build/thumb_crt0.o
                0x0000000000000001                . = ASSERT (((__rodata_start__ == __rodata_end__) || ((__rodata_end__ >= __FLASH_segment_start__) && (__rodata_end__ <= __FLASH_segment_end__))), error: .rodata is too large to fit in FLASH memory segment)
                0x0000000000000ac0                __ARM.exidx_load_start__ = ALIGN (__rodata_end__, 0x4)

.ARM.exidx      0x0000000000000ac0        0x0
                0x0000000000000ac0                __ARM.exidx_start__ = .
                0x0000000000000ac0                __exidx_start = __ARM.exidx_start__
 *(.ARM.exidx .ARM.exidx.*)
                0x0000000000000ac0                __ARM.exidx_end__ = (__ARM.exidx_start__ + SIZEOF (.ARM.exidx))
                0x0000000000000000                __ARM.exidx_size__ = SIZEOF (.ARM.exidx)
                0x0000000000000ac0                __exidx_end = __ARM.exidx_end__
                0x0000000000000ac0                __ARM.exidx_load_end__ = __ARM.exidx_end__
                0x0000000000000001                . = ASSERT (((__ARM.exidx_start__ == __ARM.exidx_end__) || ((__ARM.exidx_end__ >= __FLASH_segment_start__) && (__ARM.exidx_end__ <= __FLASH_segment_end__))), error: .ARM.exidx is too large to fit in FLASH memory segment)
                0x0000000000000ac0                __fast_load_start__ = ALIGN (__ARM.exidx_end__, 0x4)

.fast           0x0000000020000000        0x0 load address 0x0000000000000ac0
                0x0000000020000000                __fast_start__ = .
 *(.fast .fast.*)
                0x0000000020000000                __fast_end__ = (__fast_start__ + SIZEOF (.fast))
                0x0000000000000000                __fast_size__ = SIZEOF (.fast)
                0x0000000000000ac0                __fast_load_end__ = (__fast_load_start__ + SIZEOF (.fast))
                0x0000000000000001                . = ASSERT (((__fast_load_start__ == __fast_load_end__) || ((__fast_load_end__ >= __FLASH_segment_start__) && (__fast_load_end__ <= __FLASH_segment_end__))), error: .fast is too large to fit in FLASH memory segment)

.fast_run       0x0000000020000000        0x0
                0x0000000020000000                __fast_run_start__ = .
                0x0000000020000000                . = MAX ((__fast_run_start__ + SIZEOF (.fast)), .)
                0x0000000020000000                __fast_run_end__ = (__fast_run_start__ + SIZEOF (.fast_run))
                0x0000000000000000                __fast_run_size__ = SIZEOF (.fast_run)
                0x0000000020000000                __fast_run_load_end__ = __fast_run_end__
                0x0000000000000001                . = ASSERT (((__fast_run_start__ == __fast_run_end__) || ((__fast_run_end__ >= __SRAM_segment_start__) && (__fast_run_end__ <= __SRAM_segment_end__))), error: .fast_run is too large to fit in SRAM memory segment)
                0x0000000000000ac0                __data_load_start__ = ALIGN ((__fast_load_start__ + SIZEOF (.fast)), 0x4)

.data           0x0000000020000000        0x4 load address 0x0000000000000ac0
                0x0000000020000000                __data_start__ = .
 *(.data .data.* .gnu.linkonce.d.*)
 .data.SystemCoreClock
                0x0000000020000000        0x4 _build/system_nrf51.o
                0x0000000020000000                SystemCoreClock
                0x0000000020000004                __data_end__ = (__data_start__ + SIZEOF (.data))
                0x0000000000000004                __data_size__ = SIZEOF (.data)
                0x0000000000000ac4                __data_load_end__ = (__data_load_start__ + SIZEOF (.data))

.igot.plt       0x0000000100000000        0x0
 .igot.plt      0x0000000100000000        0x0 _build/thumb_crt0.o
                0x0000000000000001                . = ASSERT (((__data_load_start__ == __data_load_end__) || ((__data_load_end__ >= __FLASH_segment_start__) && (__data_load_end__ <= __FLASH_segment_end__))), error: .data is too large to fit in FLASH memory segment)

.data_run       0x0000000020000000        0x4 load address 0x0000000000000ac0
                0x0000000020000000                __data_run_start__ = .
                0x0000000020000004                . = MAX ((__data_run_start__ + SIZEOF (.data)), .)
 *fill*         0x0000000020000000        0x4 
                0x0000000020000004                __data_run_end__ = (__data_run_start__ + SIZEOF (.data_run))
                0x0000000000000004                __data_run_size__ = SIZEOF (.data_run)
                0x0000000020000004                __data_run_load_end__ = __data_run_end__
                0x0000000000000001                . = ASSERT (((__data_run_start__ == __data_run_end__) || ((__data_run_end__ >= __SRAM_segment_start__) && (__data_run_end__ <= __SRAM_segment_end__))), error: .data_run is too large to fit in SRAM memory segment)
                0x0000000000000ac4                __tdata_load_start__ = ALIGN ((__data_load_start__ + SIZEOF (.data)), 0x4)

.tdata          0x0000000020000004        0x0 load address 0x0000000000000ac4
                0x0000000020000004                __tdata_start__ = .
 *(.tdata .tdata.*)
                0x0000000020000004                __tdata_end__ = (__tdata_start__ + SIZEOF (.tdata))
                0x0000000000000000                __tdata_size__ = SIZEOF (.tdata)
                0x0000000000000ac4                __tdata_load_end__ = (__tdata_load_start__ + SIZEOF (.tdata))
                0x0000000000000ac4                __FLASH_segment_used_end__ = (ALIGN ((__data_load_start__ + SIZEOF (.data)), 0x4) + SIZEOF (.tdata))
                0x0000000000000ac4                __FLASH_segment_used_size__ = (__FLASH_segment_used_end__ - __FLASH_segment_start__)
                0x0000000000000001                . = ASSERT (((__tdata_load_start__ == __tdata_load_end__) || ((__tdata_load_end__ >= __FLASH_segment_start__) && (__tdata_load_end__ <= __FLASH_segment_end__))), error: .tdata is too large to fit in FLASH memory segment)

.tdata_run      0x0000000020000004        0x0
                0x0000000020000004                __tdata_run_start__ = .
                0x0000000020000004                . = MAX ((__tdata_run_start__ + SIZEOF (.tdata)), .)
                0x0000000020000004                __tdata_run_end__ = (__tdata_run_start__ + SIZEOF (.tdata_run))
                0x0000000000000000                __tdata_run_size__ = SIZEOF (.tdata_run)
                0x0000000020000004                __tdata_run_load_end__ = __tdata_run_end__
                0x0000000000000001                . = ASSERT (((__tdata_run_start__ == __tdata_run_end__) || ((__tdata_run_end__ >= __SRAM_segment_start__) && (__tdata_run_end__ <= __SRAM_segment_end__))), error: .tdata_run is too large to fit in SRAM memory segment)
                0x0000000020000004                __bss_load_start__ = ALIGN (__tdata_run_end__, 0x4)

.bss            0x0000000020000004      0x290
                0x0000000020000004                __bss_start__ = .
 *(.bss .bss.* .gnu.linkonce.b.*)
 .bss.nrf_nvic_state
                0x0000000020000004        0x8 _build/app_util_platform.o
                0x0000000020000004                nrf_nvic_state
 .bss._acUpBuffer
                0x000000002000000c      0x200 _build/SEGGER_RTT.o
 .bss._acDownBuffer
                0x000000002000020c       0x10 _build/SEGGER_RTT.o
 .bss._SEGGER_RTT
                0x000000002000021c       0x78 _build/SEGGER_RTT.o
                0x000000002000021c                _SEGGER_RTT
 *(COMMON)
                0x0000000020000294                __bss_end__ = (__bss_start__ + SIZEOF (.bss))
                0x0000000000000290                __bss_size__ = SIZEOF (.bss)
                0x0000000020000294                __bss_load_end__ = __bss_end__
                0x0000000000000001                . = ASSERT (((__bss_start__ == __bss_end__) || ((__bss_end__ >= __SRAM_segment_start__) && (__bss_end__ <= __SRAM_segment_end__))), error: .bss is too large to fit in SRAM memory segment)
                0x0000000020000294                __tbss_load_start__ = ALIGN (__bss_end__, 0x4)

.tbss           0x0000000020000294        0x0
                0x0000000020000294                __tbss_start__ = .
 *(.tbss .tbss.*)
                0x0000000020000294                __tbss_end__ = (__tbss_start__ + SIZEOF (.tbss))
                0x0000000000000000                __tbss_size__ = SIZEOF (.tbss)
                0x0000000020000294                __tbss_load_end__ = __tbss_end__
                0x0000000000000001                . = ASSERT (((__tbss_start__ == __tbss_end__) || ((__tbss_end__ >= __SRAM_segment_start__) && (__tbss_end__ <= __SRAM_segment_end__))), error: .tbss is too large to fit in SRAM memory segment)
                0x0000000020000294                __non_init_load_start__ = ALIGN (__tbss_end__, 0x4)

.non_init       0x0000000020000294        0x0
                0x0000000020000294                __non_init_start__ = .
 *(.non_init .non_init.*)
                0x0000000020000294                __non_init_end__ = (__non_init_start__ + SIZEOF (.non_init))
                0x0000000000000000                __non_init_size__ = SIZEOF (.non_init)
                0x0000000020000294                __non_init_load_end__ = __non_init_end__
                0x0000000000000001                . = ASSERT (((__non_init_start__ == __non_init_end__) || ((__non_init_end__ >= __SRAM_segment_start__) && (__non_init_end__ <= __SRAM_segment_end__))), error: .non_init is too large to fit in SRAM memory segment)
                0x0000000020000294                __heap_load_start__ = ALIGN (__non_init_end__, 0x4)

.heap           0x0000000020000294      0x400
                0x0000000020000294                __heap_start__ = .
 *(.heap .heap.*)
                0x0000000020000694                . = ALIGN (MAX ((__heap_start__ + __HEAPSIZE__), .), 0x4)
 *fill*         0x0000000020000294      0x400 
                0x0000000020000694                __heap_end__ = (__heap_start__ + SIZEOF (.heap))
                0x0000000000000400                __heap_size__ = SIZEOF (.heap)
                0x0000000020000694                __heap_load_end__ = __heap_end__
                0x0000000000000001                . = ASSERT (((__heap_start__ == __heap_end__) || ((__heap_end__ >= __SRAM_segment_start__) && (__heap_end__ <= __SRAM_segment_end__))), error: .heap is too large to fit in SRAM memory segment)
                0x0000000020003c00                __stack_load_start__ = (__SRAM_segment_end__ - 0x400)

.stack          0x0000000020003c00      0x400
                0x0000000020003c00                __stack_start__ = .
 *(.stack .stack.*)
                0x0000000020004000                . = ALIGN (MAX ((__stack_start__ + __STACKSIZE__), .), 0x8)
 *fill*         0x0000000020003c00      0x400 
                0x0000000020004000                __stack_end__ = (__stack_start__ + SIZEOF (.stack))
                0x0000000000000400                __stack_size__ = SIZEOF (.stack)
                0x0000000020004000                __stack_load_end__ = __stack_end__
                0x0000000000000001                . = ASSERT (((__stack_start__ == __stack_end__) || ((__stack_end__ >= __SRAM_segment_start__) && (__stack_end__ <= __SRAM_segment_end__))), error: .stack is too large to fit in SRAM memory segment)
                0x0000000000000001                . = ASSERT ((__heap_end__ <= __stack_start__), error: section .heap overlaps absolute placed section .stack)
                0x0000000020004000                __stack_process_load_start__ = ALIGN (__stack_end__, 0x8)

.stack_process  0x0000000020004000        0x0
                0x0000000020004000                __stack_process_start__ = .
 *(.stack_process .stack_process.*)
                0x0000000020004000                . = ALIGN (MAX ((__stack_process_start__ + __STACKSIZE_PROCESS__), .), 0x8)
                0x0000000020004000                __stack_process_end__ = (__stack_process_start__ + SIZEOF (.stack_process))
                0x0000000000000000                __stack_process_size__ = SIZEOF (.stack_process)
                0x0000000020004000                __stack_process_load_end__ = __stack_process_end__
                0x0000000020004000                __SRAM_segment_used_end__ = (ALIGN (__stack_end__, 0x8) + SIZEOF (.stack_process))
                0x0000000000004000                __SRAM_segment_used_size__ = (__SRAM_segment_used_end__ - __SRAM_segment_start__)
                0x0000000000000001                . = ASSERT (((__stack_process_start__ == __stack_process_end__) || ((__stack_process_end__ >= __SRAM_segment_start__) && (__stack_process_end__ <= __SRAM_segment_end__))), error: .stack_process is too large to fit in SRAM memory segment)
START GROUP
LOAD _build/thumb_crt0.o
LOAD _build/Cortex_M_Startup.o
LOAD _build/nrf_log_backend_serial.o
LOAD _build/nrf_log_frontend.o
LOAD _build/app_error.o
LOAD _build/app_error_weak.o
LOAD _build/app_timer.o
LOAD _build/app_util_platform.o
LOAD _build/hardfault_implementation.o
LOAD _build/nrf_assert.o
LOAD _build/sdk_errors.o
LOAD _build/boards.o
LOAD _build/nrf_drv_clock.o
LOAD _build/nrf_drv_common.o
LOAD _build/nrf_drv_uart.o
LOAD _build/main.o
LOAD _build/RTT_Syscalls_IAR.o
LOAD _build/SEGGER_RTT.o
LOAD _build/SEGGER_RTT_printf.o
LOAD _build/system_nrf51.o
LOAD _build/softdevice_handler.o
LOAD /Applications/SEGGER Embedded Studio 3.24/lib/libdebugio_mempoll_v6m_t_le_eabi.a
LOAD /Applications/SEGGER Embedded Studio 3.24/lib/libm_v6m_t_le_eabi.a
LOAD /Applications/SEGGER Embedded Studio 3.24/lib/libc_v6m_t_le_eabi.a
LOAD /Applications/SEGGER Embedded Studio 3.24/lib/libcpp_v6m_t_le_eabi.a
LOAD /Applications/SEGGER Embedded Studio 3.24/lib/libdebugio_v6m_t_le_eabi.a
LOAD /Applications/SEGGER Embedded Studio 3.24/lib/libvfprintf_v6m_t_le_eabi.o
LOAD /Applications/SEGGER Embedded Studio 3.24/lib/libvfscanf_v6m_t_le_eabi.o
END GROUP
OUTPUT(_build/blinky_pca10028_s130.elf elf32-littlearm)

.ARM.attributes
                0x0000000000000000       0x2d
 .ARM.attributes
                0x0000000000000000       0x21 _build/thumb_crt0.o
 .ARM.attributes
                0x0000000000000021       0x21 _build/Cortex_M_Startup.o
 .ARM.attributes
                0x0000000000000042       0x31 _build/app_util_platform.o
 .ARM.attributes
                0x0000000000000073       0x31 _build/main.o
 .ARM.attributes
                0x00000000000000a4       0x31 _build/SEGGER_RTT.o
 .ARM.attributes
                0x00000000000000d5       0x31 _build/system_nrf51.o
 .ARM.attributes
                0x0000000000000106       0x1b /Applications/SEGGER Embedded Studio 3.24/lib/libc_v6m_t_le_eabi.a(libc2_asm.o)

.comment        0x0000000000000000       0x4c
 .comment       0x0000000000000000       0x4c _build/app_util_platform.o
                                         0x4d (size before relaxing)
 .comment       0x000000000000004c       0x4d _build/main.o
 .comment       0x000000000000004c       0x4d _build/SEGGER_RTT.o
 .comment       0x000000000000004c       0x4d _build/system_nrf51.o

.debug_line     0x0000000000000000     0x19a9
 .debug_line    0x0000000000000000      0x2a5 _build/thumb_crt0.o
 .debug_line    0x00000000000002a5       0xa4 _build/Cortex_M_Startup.o
 .debug_line    0x0000000000000349      0x5f1 _build/app_util_platform.o
 .debug_line    0x000000000000093a      0x72a _build/main.o
 .debug_line    0x0000000000001064      0x790 _build/SEGGER_RTT.o
 .debug_line    0x00000000000017f4      0x1b5 _build/system_nrf51.o

.debug_info     0x0000000000000000     0x4a9a
 .debug_info    0x0000000000000000       0xb6 _build/thumb_crt0.o
 .debug_info    0x00000000000000b6       0xc1 _build/Cortex_M_Startup.o
 .debug_info    0x0000000000000177     0x14f1 _build/app_util_platform.o
 .debug_info    0x0000000000001668     0x16bd _build/main.o
 .debug_info    0x0000000000002d25     0x1bc4 _build/SEGGER_RTT.o
 .debug_info    0x00000000000048e9      0x1b1 _build/system_nrf51.o

.debug_abbrev   0x0000000000000000      0x9a0
 .debug_abbrev  0x0000000000000000       0x12 _build/thumb_crt0.o
 .debug_abbrev  0x0000000000000012       0x14 _build/Cortex_M_Startup.o
 .debug_abbrev  0x0000000000000026      0x2fe _build/app_util_platform.o
 .debug_abbrev  0x0000000000000324      0x2a6 _build/main.o
 .debug_abbrev  0x00000000000005ca      0x2d7 _build/SEGGER_RTT.o
 .debug_abbrev  0x00000000000008a1       0xff _build/system_nrf51.o

.debug_aranges  0x0000000000000000      0x6c8
 .debug_aranges
                0x0000000000000000       0xe0 _build/thumb_crt0.o
 .debug_aranges
                0x00000000000000e0       0x20 _build/Cortex_M_Startup.o
 .debug_aranges
                0x0000000000000100      0x1a8 _build/app_util_platform.o
 .debug_aranges
                0x00000000000002a8      0x1c8 _build/main.o
 .debug_aranges
                0x0000000000000470      0x218 _build/SEGGER_RTT.o
 .debug_aranges
                0x0000000000000688       0x40 _build/system_nrf51.o

.debug_ranges   0x0000000000000000      0x660
 .debug_ranges  0x0000000000000000       0xd8 _build/thumb_crt0.o
 .debug_ranges  0x00000000000000d8      0x198 _build/app_util_platform.o
 .debug_ranges  0x0000000000000270      0x1b8 _build/main.o
 .debug_ranges  0x0000000000000428      0x208 _build/SEGGER_RTT.o
 .debug_ranges  0x0000000000000630       0x30 _build/system_nrf51.o

.debug_frame    0x0000000000000000      0xdf0
 .debug_frame   0x0000000000000000      0x378 _build/app_util_platform.o
 .debug_frame   0x0000000000000378      0x410 _build/main.o
 .debug_frame   0x0000000000000788      0x55c _build/SEGGER_RTT.o
 .debug_frame   0x0000000000000ce4       0x6c _build/system_nrf51.o
 .debug_frame   0x0000000000000d50       0xa0 /Applications/SEGGER Embedded Studio 3.24/lib/libc_v6m_t_le_eabi.a(libc2_asm.o)

.debug_pubnames
                0x0000000000000000     0x2522
 .debug_pubnames
                0x0000000000000000      0xc8b _build/app_util_platform.o
 .debug_pubnames
                0x0000000000000c8b      0xbf4 _build/main.o
 .debug_pubnames
                0x000000000000187f      0xbe8 _build/SEGGER_RTT.o
 .debug_pubnames
                0x0000000000002467       0xbb _build/system_nrf51.o

.debug_pubtypes
                0x0000000000000000      0xabd
 .debug_pubtypes
                0x0000000000000000      0x306 _build/app_util_platform.o
 .debug_pubtypes
                0x0000000000000306      0x3be _build/main.o
 .debug_pubtypes
                0x00000000000006c4      0x325 _build/SEGGER_RTT.o
 .debug_pubtypes
                0x00000000000009e9       0xd4 _build/system_nrf51.o

.debug_str      0x0000000000000000     0x1cfe
 .debug_str     0x0000000000000000     0x14c7 _build/app_util_platform.o
                                       0x163a (size before relaxing)
 .debug_str     0x00000000000014c7      0x438 _build/main.o
                                       0x1704 (size before relaxing)
 .debug_str     0x00000000000018ff      0x2e1 _build/SEGGER_RTT.o
                                       0x1631 (size before relaxing)
 .debug_str     0x0000000000001be0      0x11e _build/system_nrf51.o
                                        0x2ea (size before relaxing)
